Archive member included to satisfy reference by file (symbol)

c:/program files (x86)/atmel/studio/7.0/toolchain/avr8/avr8-gnu-toolchain/bin/../lib/gcc/avr/5.4.0/avr5\libgcc.a(_udivmodhi4.o)
                              MCAL/TIMER1/Timer1.o (__udivmodhi4)
c:/program files (x86)/atmel/studio/7.0/toolchain/avr8/avr8-gnu-toolchain/bin/../lib/gcc/avr/5.4.0/avr5\libgcc.a(_exit.o)
                              C:/Program Files (x86)/Atmel/Studio/7.0/Packs/atmel/ATmega_DFP/1.7.374/gcc/dev/atmega32/avr5/crtatmega32.o (exit)
c:/program files (x86)/atmel/studio/7.0/toolchain/avr8/avr8-gnu-toolchain/bin/../lib/gcc/avr/5.4.0/avr5\libgcc.a(_copy_data.o)
                              main.o (__do_copy_data)
c:/program files (x86)/atmel/studio/7.0/toolchain/avr8/avr8-gnu-toolchain/bin/../lib/gcc/avr/5.4.0/avr5\libgcc.a(_clear_bss.o)
                              main.o (__do_clear_bss)
c:/program files (x86)/atmel/studio/7.0/toolchain/avr8/avr8-gnu-toolchain/bin/../lib/gcc/avr/5.4.0/avr5\libgcc.a(_umulhisi3.o)
                              MCAL/TIMER1/Timer1.o (__umulhisi3)

Allocating common symbols
Common symbol       size              file

t3                  0x2               MCAL/TIMER1/Timer1.o
t2                  0x2               MCAL/TIMER1/Timer1.o
t1                  0x2               MCAL/TIMER1/Timer1.o

Discarded input sections

 .data          0x00000000        0x0 C:/Program Files (x86)/Atmel/Studio/7.0/Packs/atmel/ATmega_DFP/1.7.374/gcc/dev/atmega32/avr5/crtatmega32.o
 .bss           0x00000000        0x0 C:/Program Files (x86)/Atmel/Studio/7.0/Packs/atmel/ATmega_DFP/1.7.374/gcc/dev/atmega32/avr5/crtatmega32.o
 .text          0x00000000        0x0 ECUL/DC_MOTOR/DC_MOTOR.o
 .data          0x00000000        0x0 ECUL/DC_MOTOR/DC_MOTOR.o
 .bss           0x00000000        0x0 ECUL/DC_MOTOR/DC_MOTOR.o
 .text          0x00000000        0x0 ECUL/IR_SENSOR/IR.o
 .data          0x00000000        0x0 ECUL/IR_SENSOR/IR.o
 .bss           0x00000000        0x0 ECUL/IR_SENSOR/IR.o
 .text.IR_Init  0x00000000        0xc ECUL/IR_SENSOR/IR.o
 .text.IR_Get_Status
                0x00000000       0x38 ECUL/IR_SENSOR/IR.o
 .debug_info    0x00000000      0x2c8 ECUL/IR_SENSOR/IR.o
 .debug_abbrev  0x00000000      0x121 ECUL/IR_SENSOR/IR.o
 .debug_loc     0x00000000      0x110 ECUL/IR_SENSOR/IR.o
 .debug_aranges
                0x00000000       0x28 ECUL/IR_SENSOR/IR.o
 .debug_ranges  0x00000000       0x30 ECUL/IR_SENSOR/IR.o
 .debug_line    0x00000000      0x106 ECUL/IR_SENSOR/IR.o
 .debug_str     0x00000000      0x31f ECUL/IR_SENSOR/IR.o
 .comment       0x00000000       0x31 ECUL/IR_SENSOR/IR.o
 .debug_frame   0x00000000       0x44 ECUL/IR_SENSOR/IR.o
 .text          0x00000000        0x0 ECUL/LED/LED.o
 .data          0x00000000        0x0 ECUL/LED/LED.o
 .bss           0x00000000        0x0 ECUL/LED/LED.o
 .text.Led_Init
                0x00000000       0x44 ECUL/LED/LED.o
 .text.Led_Turn_On
                0x00000000       0x3c ECUL/LED/LED.o
 .text.Led_Turn_Off
                0x00000000       0x3c ECUL/LED/LED.o
 .text.Led_Toggle
                0x00000000       0x3a ECUL/LED/LED.o
 .debug_info    0x00000000      0x3fc ECUL/LED/LED.o
 .debug_abbrev  0x00000000      0x114 ECUL/LED/LED.o
 .debug_loc     0x00000000      0x348 ECUL/LED/LED.o
 .debug_aranges
                0x00000000       0x38 ECUL/LED/LED.o
 .debug_ranges  0x00000000       0x28 ECUL/LED/LED.o
 .debug_line    0x00000000      0x147 ECUL/LED/LED.o
 .debug_str     0x00000000      0x348 ECUL/LED/LED.o
 .comment       0x00000000       0x31 ECUL/LED/LED.o
 .debug_frame   0x00000000       0x94 ECUL/LED/LED.o
 .text          0x00000000        0x0 main.o
 .data          0x00000000        0x0 main.o
 .bss           0x00000000        0x0 main.o
 .text          0x00000000        0x0 MCAL/DIO/DIO.o
 .data          0x00000000        0x0 MCAL/DIO/DIO.o
 .bss           0x00000000        0x0 MCAL/DIO/DIO.o
 .text.gpio_get_pin_direction
                0x00000000       0x3c MCAL/DIO/DIO.o
 .text.gpio_read_logic
                0x00000000       0x3c MCAL/DIO/DIO.o
 .text.gpio_pin_toggle
                0x00000000       0x3c MCAL/DIO/DIO.o
 .text.gpio_pin_init
                0x00000000       0x20 MCAL/DIO/DIO.o
 .data.pin_regster
                0x00000000        0x8 MCAL/DIO/DIO.o
 .text          0x00000000        0x0 MCAL/TIMER1/Timer1.o
 .data          0x00000000        0x0 MCAL/TIMER1/Timer1.o
 .bss           0x00000000        0x0 MCAL/TIMER1/Timer1.o
 .text.Timer1_Interrupt_Enable
                0x00000000        0x8 MCAL/TIMER1/Timer1.o
 .text.Timer1_Interrupt_Disable
                0x00000000        0x8 MCAL/TIMER1/Timer1.o
 .text.Timer1_SetCallBack
                0x00000000        0xa MCAL/TIMER1/Timer1.o
 .text.TIMER1_SetOCR1A
                0x00000000        0x6 MCAL/TIMER1/Timer1.o
 .text.TIMER1_SetOCR1B
                0x00000000        0x6 MCAL/TIMER1/Timer1.o
 .text.TIMER1_SetICR1
                0x00000000        0x6 MCAL/TIMER1/Timer1.o
 .text.TIMER1_SetTCNT1
                0x00000000        0x6 MCAL/TIMER1/Timer1.o
 .text.PWM_FreQ_Hz
                0x00000000       0x20 MCAL/TIMER1/Timer1.o
 .text.TMR1_Interrupt_COMPA_enable
                0x00000000        0x8 MCAL/TIMER1/Timer1.o
 .text.Timer1_SetCallBack_COMPA
                0x00000000        0xa MCAL/TIMER1/Timer1.o
 .text.TMR1_Interrupt_COMPA_Disable
                0x00000000        0x8 MCAL/TIMER1/Timer1.o
 .text.TMR1_Interrupt_CAPT_enable
                0x00000000        0x2 MCAL/TIMER1/Timer1.o
 .text.TMR1_Interrupt_COMPB_enable
                0x00000000        0x2 MCAL/TIMER1/Timer1.o
 .text.Timer1_SetCallBack_COMPB
                0x00000000        0x2 MCAL/TIMER1/Timer1.o
 .text.Timer1_InputCpetureEdge
                0x00000000       0x18 MCAL/TIMER1/Timer1.o
 .text.Timer1_ICU_InterruptEnable
                0x00000000        0x8 MCAL/TIMER1/Timer1.o
 .text.Timer1_ICU_InterruptDisnable
                0x00000000        0x8 MCAL/TIMER1/Timer1.o
 .text.Func_ICU
                0x00000000       0x5c MCAL/TIMER1/Timer1.o
 .text.Timer1_ICU_SetCallBack
                0x00000000        0xa MCAL/TIMER1/Timer1.o
 .text.PWM_measure
                0x00000000       0x20 MCAL/TIMER1/Timer1.o
 .bss.flag      0x00000000        0x1 MCAL/TIMER1/Timer1.o
 COMMON         0x00000000        0x6 MCAL/TIMER1/Timer1.o
 .text          0x00000000        0x0 MCAL/UART/UART.o
 .data          0x00000000        0x0 MCAL/UART/UART.o
 .bss           0x00000000        0x0 MCAL/UART/UART.o
 .text.UART_RX_InterruptEnable
                0x00000000        0x4 MCAL/UART/UART.o
 .text.UART_RX_InterruptDisable
                0x00000000        0x4 MCAL/UART/UART.o
 .text.UART_TX_InterruptEnable
                0x00000000        0x4 MCAL/UART/UART.o
 .text.UART_TX_InterruptDisable
                0x00000000        0x4 MCAL/UART/UART.o
 .text.UART_RX_SetCallBack
                0x00000000        0xa MCAL/UART/UART.o
 .text.UART_TX_SetCallBack
                0x00000000        0xa MCAL/UART/UART.o
 .text.UART_SendByteNoBlock
                0x00000000        0x4 MCAL/UART/UART.o
 .text.UART_ReceiveByteNoBlock
                0x00000000        0x4 MCAL/UART/UART.o
 .text.UART_SendByte
                0x00000000        0x8 MCAL/UART/UART.o
 .text.UART_ReceiveByte
                0x00000000        0x8 MCAL/UART/UART.o
 .text.UART_voidSendString
                0x00000000       0x44 MCAL/UART/UART.o
 .rodata.BaudRateArray
                0x00000000       0x48 MCAL/UART/UART.o
 .text          0x00000000        0x0 c:/program files (x86)/atmel/studio/7.0/toolchain/avr8/avr8-gnu-toolchain/bin/../lib/gcc/avr/5.4.0/avr5\libgcc.a(_udivmodhi4.o)
 .data          0x00000000        0x0 c:/program files (x86)/atmel/studio/7.0/toolchain/avr8/avr8-gnu-toolchain/bin/../lib/gcc/avr/5.4.0/avr5\libgcc.a(_udivmodhi4.o)
 .bss           0x00000000        0x0 c:/program files (x86)/atmel/studio/7.0/toolchain/avr8/avr8-gnu-toolchain/bin/../lib/gcc/avr/5.4.0/avr5\libgcc.a(_udivmodhi4.o)
 .text.libgcc.mul
                0x00000000        0x0 c:/program files (x86)/atmel/studio/7.0/toolchain/avr8/avr8-gnu-toolchain/bin/../lib/gcc/avr/5.4.0/avr5\libgcc.a(_udivmodhi4.o)
 .text.libgcc   0x00000000        0x0 c:/program files (x86)/atmel/studio/7.0/toolchain/avr8/avr8-gnu-toolchain/bin/../lib/gcc/avr/5.4.0/avr5\libgcc.a(_udivmodhi4.o)
 .text.libgcc.prologue
                0x00000000        0x0 c:/program files (x86)/atmel/studio/7.0/toolchain/avr8/avr8-gnu-toolchain/bin/../lib/gcc/avr/5.4.0/avr5\libgcc.a(_udivmodhi4.o)
 .text.libgcc.builtins
                0x00000000        0x0 c:/program files (x86)/atmel/studio/7.0/toolchain/avr8/avr8-gnu-toolchain/bin/../lib/gcc/avr/5.4.0/avr5\libgcc.a(_udivmodhi4.o)
 .text.libgcc.fmul
                0x00000000        0x0 c:/program files (x86)/atmel/studio/7.0/toolchain/avr8/avr8-gnu-toolchain/bin/../lib/gcc/avr/5.4.0/avr5\libgcc.a(_udivmodhi4.o)
 .text.libgcc.fixed
                0x00000000        0x0 c:/program files (x86)/atmel/studio/7.0/toolchain/avr8/avr8-gnu-toolchain/bin/../lib/gcc/avr/5.4.0/avr5\libgcc.a(_udivmodhi4.o)
 .text          0x00000000        0x0 c:/program files (x86)/atmel/studio/7.0/toolchain/avr8/avr8-gnu-toolchain/bin/../lib/gcc/avr/5.4.0/avr5\libgcc.a(_exit.o)
 .data          0x00000000        0x0 c:/program files (x86)/atmel/studio/7.0/toolchain/avr8/avr8-gnu-toolchain/bin/../lib/gcc/avr/5.4.0/avr5\libgcc.a(_exit.o)
 .bss           0x00000000        0x0 c:/program files (x86)/atmel/studio/7.0/toolchain/avr8/avr8-gnu-toolchain/bin/../lib/gcc/avr/5.4.0/avr5\libgcc.a(_exit.o)
 .text.libgcc.mul
                0x00000000        0x0 c:/program files (x86)/atmel/studio/7.0/toolchain/avr8/avr8-gnu-toolchain/bin/../lib/gcc/avr/5.4.0/avr5\libgcc.a(_exit.o)
 .text.libgcc.div
                0x00000000        0x0 c:/program files (x86)/atmel/studio/7.0/toolchain/avr8/avr8-gnu-toolchain/bin/../lib/gcc/avr/5.4.0/avr5\libgcc.a(_exit.o)
 .text.libgcc   0x00000000        0x0 c:/program files (x86)/atmel/studio/7.0/toolchain/avr8/avr8-gnu-toolchain/bin/../lib/gcc/avr/5.4.0/avr5\libgcc.a(_exit.o)
 .text.libgcc.prologue
                0x00000000        0x0 c:/program files (x86)/atmel/studio/7.0/toolchain/avr8/avr8-gnu-toolchain/bin/../lib/gcc/avr/5.4.0/avr5\libgcc.a(_exit.o)
 .text.libgcc.builtins
                0x00000000        0x0 c:/program files (x86)/atmel/studio/7.0/toolchain/avr8/avr8-gnu-toolchain/bin/../lib/gcc/avr/5.4.0/avr5\libgcc.a(_exit.o)
 .text.libgcc.fmul
                0x00000000        0x0 c:/program files (x86)/atmel/studio/7.0/toolchain/avr8/avr8-gnu-toolchain/bin/../lib/gcc/avr/5.4.0/avr5\libgcc.a(_exit.o)
 .text.libgcc.fixed
                0x00000000        0x0 c:/program files (x86)/atmel/studio/7.0/toolchain/avr8/avr8-gnu-toolchain/bin/../lib/gcc/avr/5.4.0/avr5\libgcc.a(_exit.o)
 .text          0x00000000        0x0 c:/program files (x86)/atmel/studio/7.0/toolchain/avr8/avr8-gnu-toolchain/bin/../lib/gcc/avr/5.4.0/avr5\libgcc.a(_copy_data.o)
 .data          0x00000000        0x0 c:/program files (x86)/atmel/studio/7.0/toolchain/avr8/avr8-gnu-toolchain/bin/../lib/gcc/avr/5.4.0/avr5\libgcc.a(_copy_data.o)
 .bss           0x00000000        0x0 c:/program files (x86)/atmel/studio/7.0/toolchain/avr8/avr8-gnu-toolchain/bin/../lib/gcc/avr/5.4.0/avr5\libgcc.a(_copy_data.o)
 .text.libgcc.mul
                0x00000000        0x0 c:/program files (x86)/atmel/studio/7.0/toolchain/avr8/avr8-gnu-toolchain/bin/../lib/gcc/avr/5.4.0/avr5\libgcc.a(_copy_data.o)
 .text.libgcc.div
                0x00000000        0x0 c:/program files (x86)/atmel/studio/7.0/toolchain/avr8/avr8-gnu-toolchain/bin/../lib/gcc/avr/5.4.0/avr5\libgcc.a(_copy_data.o)
 .text.libgcc   0x00000000        0x0 c:/program files (x86)/atmel/studio/7.0/toolchain/avr8/avr8-gnu-toolchain/bin/../lib/gcc/avr/5.4.0/avr5\libgcc.a(_copy_data.o)
 .text.libgcc.prologue
                0x00000000        0x0 c:/program files (x86)/atmel/studio/7.0/toolchain/avr8/avr8-gnu-toolchain/bin/../lib/gcc/avr/5.4.0/avr5\libgcc.a(_copy_data.o)
 .text.libgcc.builtins
                0x00000000        0x0 c:/program files (x86)/atmel/studio/7.0/toolchain/avr8/avr8-gnu-toolchain/bin/../lib/gcc/avr/5.4.0/avr5\libgcc.a(_copy_data.o)
 .text.libgcc.fmul
                0x00000000        0x0 c:/program files (x86)/atmel/studio/7.0/toolchain/avr8/avr8-gnu-toolchain/bin/../lib/gcc/avr/5.4.0/avr5\libgcc.a(_copy_data.o)
 .text.libgcc.fixed
                0x00000000        0x0 c:/program files (x86)/atmel/studio/7.0/toolchain/avr8/avr8-gnu-toolchain/bin/../lib/gcc/avr/5.4.0/avr5\libgcc.a(_copy_data.o)
 .text          0x00000000        0x0 c:/program files (x86)/atmel/studio/7.0/toolchain/avr8/avr8-gnu-toolchain/bin/../lib/gcc/avr/5.4.0/avr5\libgcc.a(_clear_bss.o)
 .data          0x00000000        0x0 c:/program files (x86)/atmel/studio/7.0/toolchain/avr8/avr8-gnu-toolchain/bin/../lib/gcc/avr/5.4.0/avr5\libgcc.a(_clear_bss.o)
 .bss           0x00000000        0x0 c:/program files (x86)/atmel/studio/7.0/toolchain/avr8/avr8-gnu-toolchain/bin/../lib/gcc/avr/5.4.0/avr5\libgcc.a(_clear_bss.o)
 .text.libgcc.mul
                0x00000000        0x0 c:/program files (x86)/atmel/studio/7.0/toolchain/avr8/avr8-gnu-toolchain/bin/../lib/gcc/avr/5.4.0/avr5\libgcc.a(_clear_bss.o)
 .text.libgcc.div
                0x00000000        0x0 c:/program files (x86)/atmel/studio/7.0/toolchain/avr8/avr8-gnu-toolchain/bin/../lib/gcc/avr/5.4.0/avr5\libgcc.a(_clear_bss.o)
 .text.libgcc   0x00000000        0x0 c:/program files (x86)/atmel/studio/7.0/toolchain/avr8/avr8-gnu-toolchain/bin/../lib/gcc/avr/5.4.0/avr5\libgcc.a(_clear_bss.o)
 .text.libgcc.prologue
                0x00000000        0x0 c:/program files (x86)/atmel/studio/7.0/toolchain/avr8/avr8-gnu-toolchain/bin/../lib/gcc/avr/5.4.0/avr5\libgcc.a(_clear_bss.o)
 .text.libgcc.builtins
                0x00000000        0x0 c:/program files (x86)/atmel/studio/7.0/toolchain/avr8/avr8-gnu-toolchain/bin/../lib/gcc/avr/5.4.0/avr5\libgcc.a(_clear_bss.o)
 .text.libgcc.fmul
                0x00000000        0x0 c:/program files (x86)/atmel/studio/7.0/toolchain/avr8/avr8-gnu-toolchain/bin/../lib/gcc/avr/5.4.0/avr5\libgcc.a(_clear_bss.o)
 .text.libgcc.fixed
                0x00000000        0x0 c:/program files (x86)/atmel/studio/7.0/toolchain/avr8/avr8-gnu-toolchain/bin/../lib/gcc/avr/5.4.0/avr5\libgcc.a(_clear_bss.o)
 .text          0x00000000        0x0 c:/program files (x86)/atmel/studio/7.0/toolchain/avr8/avr8-gnu-toolchain/bin/../lib/gcc/avr/5.4.0/avr5\libgcc.a(_umulhisi3.o)
 .data          0x00000000        0x0 c:/program files (x86)/atmel/studio/7.0/toolchain/avr8/avr8-gnu-toolchain/bin/../lib/gcc/avr/5.4.0/avr5\libgcc.a(_umulhisi3.o)
 .bss           0x00000000        0x0 c:/program files (x86)/atmel/studio/7.0/toolchain/avr8/avr8-gnu-toolchain/bin/../lib/gcc/avr/5.4.0/avr5\libgcc.a(_umulhisi3.o)
 .text.libgcc.div
                0x00000000        0x0 c:/program files (x86)/atmel/studio/7.0/toolchain/avr8/avr8-gnu-toolchain/bin/../lib/gcc/avr/5.4.0/avr5\libgcc.a(_umulhisi3.o)
 .text.libgcc   0x00000000        0x0 c:/program files (x86)/atmel/studio/7.0/toolchain/avr8/avr8-gnu-toolchain/bin/../lib/gcc/avr/5.4.0/avr5\libgcc.a(_umulhisi3.o)
 .text.libgcc.prologue
                0x00000000        0x0 c:/program files (x86)/atmel/studio/7.0/toolchain/avr8/avr8-gnu-toolchain/bin/../lib/gcc/avr/5.4.0/avr5\libgcc.a(_umulhisi3.o)
 .text.libgcc.builtins
                0x00000000        0x0 c:/program files (x86)/atmel/studio/7.0/toolchain/avr8/avr8-gnu-toolchain/bin/../lib/gcc/avr/5.4.0/avr5\libgcc.a(_umulhisi3.o)
 .text.libgcc.fmul
                0x00000000        0x0 c:/program files (x86)/atmel/studio/7.0/toolchain/avr8/avr8-gnu-toolchain/bin/../lib/gcc/avr/5.4.0/avr5\libgcc.a(_umulhisi3.o)
 .text.libgcc.fixed
                0x00000000        0x0 c:/program files (x86)/atmel/studio/7.0/toolchain/avr8/avr8-gnu-toolchain/bin/../lib/gcc/avr/5.4.0/avr5\libgcc.a(_umulhisi3.o)

Memory Configuration

Name             Origin             Length             Attributes
text             0x00000000         0x00008000         xr
data             0x00800060         0x00000800         rw !x
eeprom           0x00810000         0x00000400         rw !x
fuse             0x00820000         0x00000002         rw !x
lock             0x00830000         0x00000400         rw !x
signature        0x00840000         0x00000400         rw !x
user_signatures  0x00850000         0x00000400         rw !x
*default*        0x00000000         0xffffffff

Linker script and memory map

LOAD C:/Program Files (x86)/Atmel/Studio/7.0/Packs/atmel/ATmega_DFP/1.7.374/gcc/dev/atmega32/avr5/crtatmega32.o
LOAD ECUL/DC_MOTOR/DC_MOTOR.o
LOAD ECUL/IR_SENSOR/IR.o
LOAD ECUL/LED/LED.o
LOAD main.o
LOAD MCAL/DIO/DIO.o
LOAD MCAL/TIMER1/Timer1.o
LOAD MCAL/UART/UART.o
START GROUP
LOAD c:/program files (x86)/atmel/studio/7.0/toolchain/avr8/avr8-gnu-toolchain/bin/../lib/gcc/avr/5.4.0/../../../../avr/lib/avr5\libm.a
END GROUP
START GROUP
LOAD c:/program files (x86)/atmel/studio/7.0/toolchain/avr8/avr8-gnu-toolchain/bin/../lib/gcc/avr/5.4.0/avr5\libgcc.a
LOAD c:/program files (x86)/atmel/studio/7.0/toolchain/avr8/avr8-gnu-toolchain/bin/../lib/gcc/avr/5.4.0/../../../../avr/lib/avr5\libm.a
LOAD c:/program files (x86)/atmel/studio/7.0/toolchain/avr8/avr8-gnu-toolchain/bin/../lib/gcc/avr/5.4.0/../../../../avr/lib/avr5\libc.a
LOAD C:/Program Files (x86)/Atmel/Studio/7.0/Packs/atmel/ATmega_DFP/1.7.374/gcc/dev/atmega32/avr5\libatmega32.a
END GROUP
                0x00000000                __TEXT_REGION_ORIGIN__ = DEFINED (__TEXT_REGION_ORIGIN__)?__TEXT_REGION_ORIGIN__:0x0
                [0x00800060]                __DATA_REGION_ORIGIN__ = DEFINED (__DATA_REGION_ORIGIN__)?__DATA_REGION_ORIGIN__:0x800060
                [0x00008000]                __TEXT_REGION_LENGTH__ = DEFINED (__TEXT_REGION_LENGTH__)?__TEXT_REGION_LENGTH__:0x20000
                [0x00000800]                __DATA_REGION_LENGTH__ = DEFINED (__DATA_REGION_LENGTH__)?__DATA_REGION_LENGTH__:0xffa0
                [0x00000400]                __EEPROM_REGION_LENGTH__ = DEFINED (__EEPROM_REGION_LENGTH__)?__EEPROM_REGION_LENGTH__:0x10000
                [0x00000002]                __FUSE_REGION_LENGTH__ = DEFINED (__FUSE_REGION_LENGTH__)?__FUSE_REGION_LENGTH__:0x400
                0x00000400                __LOCK_REGION_LENGTH__ = DEFINED (__LOCK_REGION_LENGTH__)?__LOCK_REGION_LENGTH__:0x400
                0x00000400                __SIGNATURE_REGION_LENGTH__ = DEFINED (__SIGNATURE_REGION_LENGTH__)?__SIGNATURE_REGION_LENGTH__:0x400
                0x00000400                __USER_SIGNATURE_REGION_LENGTH__ = DEFINED (__USER_SIGNATURE_REGION_LENGTH__)?__USER_SIGNATURE_REGION_LENGTH__:0x400

.hash
 *(.hash)

.dynsym
 *(.dynsym)

.dynstr
 *(.dynstr)

.gnu.version
 *(.gnu.version)

.gnu.version_d
 *(.gnu.version_d)

.gnu.version_r
 *(.gnu.version_r)

.rel.init
 *(.rel.init)

.rela.init
 *(.rela.init)

.rel.text
 *(.rel.text)
 *(.rel.text.*)
 *(.rel.gnu.linkonce.t*)

.rela.text
 *(.rela.text)
 *(.rela.text.*)
 *(.rela.gnu.linkonce.t*)

.rel.fini
 *(.rel.fini)

.rela.fini
 *(.rela.fini)

.rel.rodata
 *(.rel.rodata)
 *(.rel.rodata.*)
 *(.rel.gnu.linkonce.r*)

.rela.rodata
 *(.rela.rodata)
 *(.rela.rodata.*)
 *(.rela.gnu.linkonce.r*)

.rel.data
 *(.rel.data)
 *(.rel.data.*)
 *(.rel.gnu.linkonce.d*)

.rela.data
 *(.rela.data)
 *(.rela.data.*)
 *(.rela.gnu.linkonce.d*)

.rel.ctors
 *(.rel.ctors)

.rela.ctors
 *(.rela.ctors)

.rel.dtors
 *(.rel.dtors)

.rela.dtors
 *(.rela.dtors)

.rel.got
 *(.rel.got)

.rela.got
 *(.rela.got)

.rel.bss
 *(.rel.bss)

.rela.bss
 *(.rela.bss)

.rel.plt
 *(.rel.plt)

.rela.plt
 *(.rela.plt)

.text           0x00000000      0x632
 *(.vectors)
 .vectors       0x00000000       0x54 C:/Program Files (x86)/Atmel/Studio/7.0/Packs/atmel/ATmega_DFP/1.7.374/gcc/dev/atmega32/avr5/crtatmega32.o
                0x00000000                __vector_default
                0x00000000                __vectors
 *(.vectors)
 *(.progmem.gcc*)
                0x00000054                . = ALIGN (0x2)
                0x00000054                __trampolines_start = .
 *(.trampolines)
 .trampolines   0x00000054        0x0 linker stubs
 *(.trampolines*)
                0x00000054                __trampolines_end = .
 *libprintf_flt.a:*(.progmem.data)
 *libc.a:*(.progmem.data)
 *(.progmem*)
                0x00000054                . = ALIGN (0x2)
 *(.jumptables)
 *(.jumptables*)
 *(.lowtext)
 *(.lowtext*)
                0x00000054                __ctors_start = .
 *(.ctors)
                0x00000054                __ctors_end = .
                0x00000054                __dtors_start = .
 *(.dtors)
                0x00000054                __dtors_end = .
 SORT(*)(.ctors)
 SORT(*)(.dtors)
 *(.init0)
 .init0         0x00000054        0x0 C:/Program Files (x86)/Atmel/Studio/7.0/Packs/atmel/ATmega_DFP/1.7.374/gcc/dev/atmega32/avr5/crtatmega32.o
                0x00000054                __init
 *(.init0)
 *(.init1)
 *(.init1)
 *(.init2)
 .init2         0x00000054        0xc C:/Program Files (x86)/Atmel/Studio/7.0/Packs/atmel/ATmega_DFP/1.7.374/gcc/dev/atmega32/avr5/crtatmega32.o
 *(.init2)
 *(.init3)
 *(.init3)
 *(.init4)
 .init4         0x00000060       0x16 c:/program files (x86)/atmel/studio/7.0/toolchain/avr8/avr8-gnu-toolchain/bin/../lib/gcc/avr/5.4.0/avr5\libgcc.a(_copy_data.o)
                0x00000060                __do_copy_data
 .init4         0x00000076       0x10 c:/program files (x86)/atmel/studio/7.0/toolchain/avr8/avr8-gnu-toolchain/bin/../lib/gcc/avr/5.4.0/avr5\libgcc.a(_clear_bss.o)
                0x00000076                __do_clear_bss
 *(.init4)
 *(.init5)
 *(.init5)
 *(.init6)
 *(.init6)
 *(.init7)
 *(.init7)
 *(.init8)
 *(.init8)
 *(.init9)
 .init9         0x00000086        0x8 C:/Program Files (x86)/Atmel/Studio/7.0/Packs/atmel/ATmega_DFP/1.7.374/gcc/dev/atmega32/avr5/crtatmega32.o
 *(.init9)
 *(.text)
 .text          0x0000008e        0x4 C:/Program Files (x86)/Atmel/Studio/7.0/Packs/atmel/ATmega_DFP/1.7.374/gcc/dev/atmega32/avr5/crtatmega32.o
                0x0000008e                __vector_1
                0x0000008e                __vector_12
                0x0000008e                __bad_interrupt
                0x0000008e                __vector_3
                0x0000008e                __vector_11
                0x0000008e                __vector_17
                0x0000008e                __vector_19
                0x0000008e                __vector_5
                0x0000008e                __vector_4
                0x0000008e                __vector_2
                0x0000008e                __vector_14
                0x0000008e                __vector_10
                0x0000008e                __vector_16
                0x0000008e                __vector_18
                0x0000008e                __vector_20
                0x00000092                . = ALIGN (0x2)
 *(.text.*)
 .text.DC_Motor_Init
                0x00000092       0x30 ECUL/DC_MOTOR/DC_MOTOR.o
                0x00000092                DC_Motor_Init
 .text.DC_Motor_Move_Right
                0x000000c2       0x24 ECUL/DC_MOTOR/DC_MOTOR.o
                0x000000c2                DC_Motor_Move_Right
 .text.DC_Motor_Move_Lift
                0x000000e6       0x24 ECUL/DC_MOTOR/DC_MOTOR.o
                0x000000e6                DC_Motor_Move_Lift
 .text.DC_Stop_Motor
                0x0000010a       0x24 ECUL/DC_MOTOR/DC_MOTOR.o
                0x0000010a                DC_Stop_Motor
 .text.Robot_Speed
                0x0000012e       0x12 main.o
                0x0000012e                Robot_Speed
 .text.CarMoveForward
                0x00000140       0x1a main.o
                0x00000140                CarMoveForward
 .text.CarMoveBackward
                0x0000015a       0x1a main.o
                0x0000015a                CarMoveBackward
 .text.CarTurnRight
                0x00000174       0x1a main.o
                0x00000174                CarTurnRight
 .text.CarTurnLeft
                0x0000018e       0x1a main.o
                0x0000018e                CarTurnLeft
 .text.CarStop  0x000001a8       0x1a main.o
                0x000001a8                CarStop
 .text.main     0x000001c2       0x9e main.o
                0x000001c2                main
 .text.gpio_pin_dirction_init
                0x00000260       0x74 MCAL/DIO/DIO.o
                0x00000260                gpio_pin_dirction_init
 .text.gpio_write_logic
                0x000002d4       0x7e MCAL/DIO/DIO.o
                0x000002d4                gpio_write_logic
 .text.Timer1_Init
                0x00000352       0x30 MCAL/TIMER1/Timer1.o
                0x00000352                Timer1_Init
 .text.PWM_FreQ_KHz
                0x00000382       0x20 MCAL/TIMER1/Timer1.o
                0x00000382                PWM_FreQ_KHz
 .text.PWM_SetDuty_Cycle_OCR1A
                0x000003a2       0x3c MCAL/TIMER1/Timer1.o
                0x000003a2                PWM_SetDuty_Cycle_OCR1A
 .text.PWM_SetDuty_Cycle_OCR1B
                0x000003de       0x3c MCAL/TIMER1/Timer1.o
                0x000003de                PWM_SetDuty_Cycle_OCR1B
 .text.__vector_9
                0x0000041a       0x52 MCAL/TIMER1/Timer1.o
                0x0000041a                __vector_9
 .text.__vector_7
                0x0000046c       0x52 MCAL/TIMER1/Timer1.o
                0x0000046c                __vector_7
 .text.__vector_8
                0x000004be       0x14 MCAL/TIMER1/Timer1.o
                0x000004be                __vector_8
 .text.__vector_6
                0x000004d2       0x52 MCAL/TIMER1/Timer1.o
                0x000004d2                __vector_6
 .text.UART_Init
                0x00000524       0x14 MCAL/UART/UART.o
                0x00000524                UART_Init
 .text.__vector_13
                0x00000538       0x52 MCAL/UART/UART.o
                0x00000538                __vector_13
 .text.__vector_15
                0x0000058a       0x52 MCAL/UART/UART.o
                0x0000058a                __vector_15
 .text.UART_Receive_NoBlock
                0x000005dc        0xc MCAL/UART/UART.o
                0x000005dc                UART_Receive_NoBlock
 .text.libgcc.div
                0x000005e8       0x28 c:/program files (x86)/atmel/studio/7.0/toolchain/avr8/avr8-gnu-toolchain/bin/../lib/gcc/avr/5.4.0/avr5\libgcc.a(_udivmodhi4.o)
                0x000005e8                __udivmodhi4
 .text.libgcc.mul
                0x00000610       0x1e c:/program files (x86)/atmel/studio/7.0/toolchain/avr8/avr8-gnu-toolchain/bin/../lib/gcc/avr/5.4.0/avr5\libgcc.a(_umulhisi3.o)
                0x00000610                __umulhisi3
                0x0000062e                . = ALIGN (0x2)
 *(.fini9)
 .fini9         0x0000062e        0x0 c:/program files (x86)/atmel/studio/7.0/toolchain/avr8/avr8-gnu-toolchain/bin/../lib/gcc/avr/5.4.0/avr5\libgcc.a(_exit.o)
                0x0000062e                _exit
                0x0000062e                exit
 *(.fini9)
 *(.fini8)
 *(.fini8)
 *(.fini7)
 *(.fini7)
 *(.fini6)
 *(.fini6)
 *(.fini5)
 *(.fini5)
 *(.fini4)
 *(.fini4)
 *(.fini3)
 *(.fini3)
 *(.fini2)
 *(.fini2)
 *(.fini1)
 *(.fini1)
 *(.fini0)
 .fini0         0x0000062e        0x4 c:/program files (x86)/atmel/studio/7.0/toolchain/avr8/avr8-gnu-toolchain/bin/../lib/gcc/avr/5.4.0/avr5\libgcc.a(_exit.o)
 *(.fini0)
                0x00000632                _etext = .

.data           0x00800060       0x22 load address 0x00000632
                0x00800060                PROVIDE (__data_start, .)
 *(.data)
 *(.data*)
 .data.motor_2  0x00800060        0x8 main.o
                0x00800060                motor_2
 .data.motor_1  0x00800068        0x8 main.o
                0x00800068                motor_1
 .data.dataRecived
                0x00800070        0x1 main.o
                0x00800070                dataRecived
 .data.port_regster
                0x00800071        0x8 MCAL/DIO/DIO.o
                0x00800071                port_regster
 .data.ddr_regster
                0x00800079        0x8 MCAL/DIO/DIO.o
                0x00800079                ddr_regster
 *(.gnu.linkonce.d*)
 *(.rodata)
 *(.rodata*)
 *(.gnu.linkonce.r*)
                0x00800082                . = ALIGN (0x2)
 *fill*         0x00800081        0x1 
                0x00800082                _edata = .
                0x00800082                PROVIDE (__data_end, .)

.bss            0x00800082        0xb
                0x00800082                PROVIDE (__bss_start, .)
 *(.bss)
 *(.bss*)
 .bss.ret       0x00800082        0x1 main.o
                0x00800082                ret
 .bss.TMR1_InterrupICU
                0x00800083        0x2 MCAL/TIMER1/Timer1.o
 .bss.TMR1_InterriptComA
                0x00800085        0x2 MCAL/TIMER1/Timer1.o
 .bss.TMR1_InterriptOveFlow
                0x00800087        0x2 MCAL/TIMER1/Timer1.o
 .bss.UART_TX_Fptr
                0x00800089        0x2 MCAL/UART/UART.o
 .bss.UART_RX_Fptr
                0x0080008b        0x2 MCAL/UART/UART.o
 *(COMMON)
                0x0080008d                PROVIDE (__bss_end, .)
                0x00000632                __data_load_start = LOADADDR (.data)
                0x00000654                __data_load_end = (__data_load_start + SIZEOF (.data))

.noinit         0x0080008d        0x0
                [!provide]                PROVIDE (__noinit_start, .)
 *(.noinit*)
                [!provide]                PROVIDE (__noinit_end, .)
                0x0080008d                _end = .
                [!provide]                PROVIDE (__heap_start, .)

.eeprom         0x00810000        0x0
 *(.eeprom*)
                0x00810000                __eeprom_end = .

.fuse
 *(.fuse)
 *(.lfuse)
 *(.hfuse)
 *(.efuse)

.lock
 *(.lock*)

.signature
 *(.signature*)

.user_signatures
 *(.user_signatures*)

.stab
 *(.stab)

.stabstr
 *(.stabstr)

.stab.excl
 *(.stab.excl)

.stab.exclstr
 *(.stab.exclstr)

.stab.index
 *(.stab.index)

.stab.indexstr
 *(.stab.indexstr)

.comment        0x00000000       0x30
 *(.comment)
 .comment       0x00000000       0x30 ECUL/DC_MOTOR/DC_MOTOR.o
                                 0x31 (size before relaxing)
 .comment       0x00000030       0x31 main.o
 .comment       0x00000030       0x31 MCAL/DIO/DIO.o
 .comment       0x00000030       0x31 MCAL/TIMER1/Timer1.o
 .comment       0x00000030       0x31 MCAL/UART/UART.o

.note.gnu.avr.deviceinfo
                0x00000000       0x3c
 .note.gnu.avr.deviceinfo
                0x00000000       0x3c C:/Program Files (x86)/Atmel/Studio/7.0/Packs/atmel/ATmega_DFP/1.7.374/gcc/dev/atmega32/avr5/crtatmega32.o

.note.gnu.build-id
 *(.note.gnu.build-id)

.debug
 *(.debug)

.line
 *(.line)

.debug_srcinfo
 *(.debug_srcinfo)

.debug_sfnames
 *(.debug_sfnames)

.debug_aranges  0x00000000      0x258
 *(.debug_aranges)
 .debug_aranges
                0x00000000       0x38 ECUL/DC_MOTOR/DC_MOTOR.o
 .debug_aranges
                0x00000038       0x50 main.o
 .debug_aranges
                0x00000088       0x48 MCAL/DIO/DIO.o
 .debug_aranges
                0x000000d0       0xf8 MCAL/TIMER1/Timer1.o
 .debug_aranges
                0x000001c8       0x90 MCAL/UART/UART.o

.debug_pubnames
 *(.debug_pubnames)

.debug_info     0x00000000     0x1d88
 *(.debug_info .gnu.linkonce.wi.*)
 .debug_info    0x00000000      0x4e6 C:/Program Files (x86)/Atmel/Studio/7.0/Packs/atmel/ATmega_DFP/1.7.374/gcc/dev/atmega32/avr5/crtatmega32.o
 .debug_info    0x000004e6      0x3fc ECUL/DC_MOTOR/DC_MOTOR.o
 .debug_info    0x000008e2      0x6ce main.o
 .debug_info    0x00000fb0      0x3d6 MCAL/DIO/DIO.o
 .debug_info    0x00001386      0x64f MCAL/TIMER1/Timer1.o
 .debug_info    0x000019d5      0x3b3 MCAL/UART/UART.o

.debug_abbrev   0x00000000      0xc9a
 *(.debug_abbrev)
 .debug_abbrev  0x00000000      0x4a3 C:/Program Files (x86)/Atmel/Studio/7.0/Packs/atmel/ATmega_DFP/1.7.374/gcc/dev/atmega32/avr5/crtatmega32.o
 .debug_abbrev  0x000004a3      0x10e ECUL/DC_MOTOR/DC_MOTOR.o
 .debug_abbrev  0x000005b1      0x1db main.o
 .debug_abbrev  0x0000078c      0x13f MCAL/DIO/DIO.o
 .debug_abbrev  0x000008cb      0x200 MCAL/TIMER1/Timer1.o
 .debug_abbrev  0x00000acb      0x1cf MCAL/UART/UART.o

.debug_line     0x00000000      0xdfc
 *(.debug_line .debug_line.* .debug_line_end)
 .debug_line    0x00000000      0x116 C:/Program Files (x86)/Atmel/Studio/7.0/Packs/atmel/ATmega_DFP/1.7.374/gcc/dev/atmega32/avr5/crtatmega32.o
 .debug_line    0x00000116      0x165 ECUL/DC_MOTOR/DC_MOTOR.o
 .debug_line    0x0000027b      0x2f3 main.o
 .debug_line    0x0000056e      0x1b4 MCAL/DIO/DIO.o
 .debug_line    0x00000722      0x3ce MCAL/TIMER1/Timer1.o
 .debug_line    0x00000af0      0x30c MCAL/UART/UART.o

.debug_frame    0x00000000      0x5f4
 *(.debug_frame)
 .debug_frame   0x00000000       0x84 ECUL/DC_MOTOR/DC_MOTOR.o
 .debug_frame   0x00000084       0x94 main.o
 .debug_frame   0x00000118       0x80 MCAL/DIO/DIO.o
 .debug_frame   0x00000198      0x2b8 MCAL/TIMER1/Timer1.o
 .debug_frame   0x00000450      0x1a4 MCAL/UART/UART.o

.debug_str      0x00000000      0xceb
 *(.debug_str)
 .debug_str     0x00000000      0x196 C:/Program Files (x86)/Atmel/Studio/7.0/Packs/atmel/ATmega_DFP/1.7.374/gcc/dev/atmega32/avr5/crtatmega32.o
 .debug_str     0x00000196      0x2ff ECUL/DC_MOTOR/DC_MOTOR.o
                                0x341 (size before relaxing)
 .debug_str     0x00000495      0x357 main.o
                                0x64d (size before relaxing)
 .debug_str     0x000007ec       0x8f MCAL/DIO/DIO.o
                                0x363 (size before relaxing)
 .debug_str     0x0000087b      0x2f0 MCAL/TIMER1/Timer1.o
                                0x51f (size before relaxing)
 .debug_str     0x00000b6b      0x180 MCAL/UART/UART.o
                                0x35d (size before relaxing)

.debug_loc      0x00000000      0xe55
 *(.debug_loc)
 .debug_loc     0x00000000      0x2b9 ECUL/DC_MOTOR/DC_MOTOR.o
 .debug_loc     0x000002b9       0xb8 main.o
 .debug_loc     0x00000371      0x345 MCAL/DIO/DIO.o
 .debug_loc     0x000006b6      0x4f0 MCAL/TIMER1/Timer1.o
 .debug_loc     0x00000ba6      0x2af MCAL/UART/UART.o

.debug_macinfo
 *(.debug_macinfo)

.debug_weaknames
 *(.debug_weaknames)

.debug_funcnames
 *(.debug_funcnames)

.debug_typenames
 *(.debug_typenames)

.debug_varnames
 *(.debug_varnames)

.debug_pubtypes
 *(.debug_pubtypes)

.debug_ranges   0x00000000      0x208
 *(.debug_ranges)
 .debug_ranges  0x00000000       0x28 ECUL/DC_MOTOR/DC_MOTOR.o
 .debug_ranges  0x00000028       0x40 main.o
 .debug_ranges  0x00000068       0x38 MCAL/DIO/DIO.o
 .debug_ranges  0x000000a0       0xe8 MCAL/TIMER1/Timer1.o
 .debug_ranges  0x00000188       0x80 MCAL/UART/UART.o

.debug_macro
 *(.debug_macro)
OUTPUT(Test.elf elf32-avr)
LOAD linker stubs
