Archive member included because of file (symbol)

c:/winavr-20100110/bin/../lib/gcc/avr/4.3.3/avr5\libgcc.a(_mulsi3.o)
                              ./MCAL/Timer1/Timer1.o (__mulsi3)
c:/winavr-20100110/bin/../lib/gcc/avr/4.3.3/avr5\libgcc.a(_udivmodhi4.o)
                              ./MCAL/Timer1/Timer1.o (__udivmodhi4)
c:/winavr-20100110/bin/../lib/gcc/avr/4.3.3/avr5\libgcc.a(_udivmodsi4.o)
                              ./MCAL/Timer1/Timer1.o (__udivmodsi4)
c:/winavr-20100110/bin/../lib/gcc/avr/4.3.3/avr5\libgcc.a(_exit.o)
                              c:/winavr-20100110/bin/../lib/gcc/avr/4.3.3/../../../../avr/lib/avr5/crtm32.o (exit)
c:/winavr-20100110/bin/../lib/gcc/avr/4.3.3/avr5\libgcc.a(_copy_data.o)
                              ./MCAL/USART/USART.o (__do_copy_data)
c:/winavr-20100110/bin/../lib/gcc/avr/4.3.3/avr5\libgcc.a(_clear_bss.o)
                              ./MCAL/int_EEPROM/eeprom.o (__do_clear_bss)
c:/winavr-20100110/bin/../lib/gcc/avr/4.3.3/avr5\libgcc.a(_fixunssfsi.o)
                              ./HAL/ultrasonic/ultrasonic.o (__fixunssfsi)
c:/winavr-20100110/bin/../lib/gcc/avr/4.3.3/avr5\libgcc.a(_addsub_sf.o)
                              c:/winavr-20100110/bin/../lib/gcc/avr/4.3.3/avr5\libgcc.a(_fixunssfsi.o) (__subsf3)
c:/winavr-20100110/bin/../lib/gcc/avr/4.3.3/avr5\libgcc.a(_mul_sf.o)
                              ./HAL/ultrasonic/ultrasonic.o (__mulsf3)
c:/winavr-20100110/bin/../lib/gcc/avr/4.3.3/avr5\libgcc.a(_div_sf.o)
                              ./HAL/ultrasonic/ultrasonic.o (__divsf3)
c:/winavr-20100110/bin/../lib/gcc/avr/4.3.3/avr5\libgcc.a(_gt_sf.o)
                              ./HAL/ultrasonic/ultrasonic.o (__gtsf2)
c:/winavr-20100110/bin/../lib/gcc/avr/4.3.3/avr5\libgcc.a(_ge_sf.o)
                              c:/winavr-20100110/bin/../lib/gcc/avr/4.3.3/avr5\libgcc.a(_fixunssfsi.o) (__gesf2)
c:/winavr-20100110/bin/../lib/gcc/avr/4.3.3/avr5\libgcc.a(_lt_sf.o)
                              ./HAL/ultrasonic/ultrasonic.o (__ltsf2)
c:/winavr-20100110/bin/../lib/gcc/avr/4.3.3/avr5\libgcc.a(_sf_to_si.o)
                              c:/winavr-20100110/bin/../lib/gcc/avr/4.3.3/avr5\libgcc.a(_fixunssfsi.o) (__fixsfsi)
c:/winavr-20100110/bin/../lib/gcc/avr/4.3.3/avr5\libgcc.a(_thenan_sf.o)
                              c:/winavr-20100110/bin/../lib/gcc/avr/4.3.3/avr5\libgcc.a(_addsub_sf.o) (__thenan_sf)
c:/winavr-20100110/bin/../lib/gcc/avr/4.3.3/avr5\libgcc.a(_usi_to_sf.o)
                              ./HAL/Seven_Segment/SevSegment.o (__floatunsisf)
c:/winavr-20100110/bin/../lib/gcc/avr/4.3.3/avr5\libgcc.a(_prologue.o)
                              c:/winavr-20100110/bin/../lib/gcc/avr/4.3.3/avr5\libgcc.a(_addsub_sf.o) (__prologue_saves__)
c:/winavr-20100110/bin/../lib/gcc/avr/4.3.3/avr5\libgcc.a(_epilogue.o)
                              c:/winavr-20100110/bin/../lib/gcc/avr/4.3.3/avr5\libgcc.a(_addsub_sf.o) (__epilogue_restores__)
c:/winavr-20100110/bin/../lib/gcc/avr/4.3.3/avr5\libgcc.a(_clzsi2.o)
                              c:/winavr-20100110/bin/../lib/gcc/avr/4.3.3/avr5\libgcc.a(_usi_to_sf.o) (__clzsi2)
c:/winavr-20100110/bin/../lib/gcc/avr/4.3.3/avr5\libgcc.a(_pack_sf.o)
                              c:/winavr-20100110/bin/../lib/gcc/avr/4.3.3/avr5\libgcc.a(_addsub_sf.o) (__pack_f)
c:/winavr-20100110/bin/../lib/gcc/avr/4.3.3/avr5\libgcc.a(_unpack_sf.o)
                              c:/winavr-20100110/bin/../lib/gcc/avr/4.3.3/avr5\libgcc.a(_addsub_sf.o) (__unpack_f)
c:/winavr-20100110/bin/../lib/gcc/avr/4.3.3/avr5\libgcc.a(_fpcmp_parts_sf.o)
                              c:/winavr-20100110/bin/../lib/gcc/avr/4.3.3/avr5\libgcc.a(_gt_sf.o) (__fpcmp_parts_f)
c:/winavr-20100110/bin/../lib/gcc/avr/4.3.3/avr5\libgcc.a(_clz.o)
                              c:/winavr-20100110/bin/../lib/gcc/avr/4.3.3/avr5\libgcc.a(_clzsi2.o) (__clz_tab)

Allocating common symbols
Common symbol       size              file

t3                  0x2               ./MCAL/Timer1/Timer1.o
t2                  0x2               ./MCAL/Timer1/Timer1.o
t1                  0x2               ./MCAL/Timer1/Timer1.o
dis                 0x1               ./main.o
ultra               0x1               ./main.o

Memory Configuration

Name             Origin             Length             Attributes
text             0x00000000         0x00020000         xr
data             0x00800060         0x0000ffa0         rw !x
eeprom           0x00810000         0x00010000         rw !x
fuse             0x00820000         0x00000400         rw !x
lock             0x00830000         0x00000400         rw !x
signature        0x00840000         0x00000400         rw !x
*default*        0x00000000         0xffffffff

Linker script and memory map

LOAD c:/winavr-20100110/bin/../lib/gcc/avr/4.3.3/../../../../avr/lib/avr5/crtm32.o
LOAD ./MCAL/int_EEPROM/eeprom.o
LOAD ./MCAL/USART/USART.o
LOAD ./MCAL/Timer1/Timer1.o
LOAD ./MCAL/Timer0/timer0.o
LOAD ./MCAL/SPI/spi.o
LOAD ./MCAL/EXIT_interrupts/EXIT_interrupts.o
LOAD ./MCAL/Dio/Dio.o
LOAD ./MCAL/Dio/Dio_Config.o
LOAD ./MCAL/ADC/adc.o
LOAD ./HAL/ultrasonic/ultrasonic.o
LOAD ./HAL/Seven_Segment/SevSegment.o
LOAD ./HAL/Servo_Motor/Servo.o
LOAD ./HAL/LCD/lcd.o
LOAD ./HAL/KEYPAD/KeyPad.o
LOAD ./HAL/IR_Sensor/IR_Sensor.o
LOAD ./HAL/DC_motor/DC_motor.o
LOAD ./main.o
LOAD c:/winavr-20100110/bin/../lib/gcc/avr/4.3.3/avr5\libgcc.a
LOAD c:/winavr-20100110/bin/../lib/gcc/avr/4.3.3/../../../../avr/lib/avr5\libc.a
LOAD c:/winavr-20100110/bin/../lib/gcc/avr/4.3.3/avr5\libgcc.a

.hash
 *(.hash)

.dynsym
 *(.dynsym)

.dynstr
 *(.dynstr)

.gnu.version
 *(.gnu.version)

.gnu.version_d
 *(.gnu.version_d)

.gnu.version_r
 *(.gnu.version_r)

.rel.init
 *(.rel.init)

.rela.init
 *(.rela.init)

.rel.text
 *(.rel.text)
 *(.rel.text.*)
 *(.rel.gnu.linkonce.t*)

.rela.text
 *(.rela.text)
 *(.rela.text.*)
 *(.rela.gnu.linkonce.t*)

.rel.fini
 *(.rel.fini)

.rela.fini
 *(.rela.fini)

.rel.rodata
 *(.rel.rodata)
 *(.rel.rodata.*)
 *(.rel.gnu.linkonce.r*)

.rela.rodata
 *(.rela.rodata)
 *(.rela.rodata.*)
 *(.rela.gnu.linkonce.r*)

.rel.data
 *(.rel.data)
 *(.rel.data.*)
 *(.rel.gnu.linkonce.d*)

.rela.data
 *(.rela.data)
 *(.rela.data.*)
 *(.rela.gnu.linkonce.d*)

.rel.ctors
 *(.rel.ctors)

.rela.ctors
 *(.rela.ctors)

.rel.dtors
 *(.rel.dtors)

.rela.dtors
 *(.rela.dtors)

.rel.got
 *(.rel.got)

.rela.got
 *(.rela.got)

.rel.bss
 *(.rel.bss)

.rela.bss
 *(.rela.bss)

.rel.plt
 *(.rel.plt)

.rela.plt
 *(.rela.plt)

.text           0x00000000     0x4a56
 *(.vectors)
 .vectors       0x00000000       0x54 c:/winavr-20100110/bin/../lib/gcc/avr/4.3.3/../../../../avr/lib/avr5/crtm32.o
                0x00000000                __vectors
                0x00000000                __vector_default
 *(.vectors)
 *(.progmem.gcc*)
 *(.progmem*)
                0x00000054                . = ALIGN (0x2)
                0x00000054                __trampolines_start = .
 *(.trampolines)
 .trampolines   0x00000054        0x0 linker stubs
 *(.trampolines*)
                0x00000054                __trampolines_end = .
 *(.jumptables)
 *(.jumptables*)
 *(.lowtext)
 *(.lowtext*)
                0x00000054                __ctors_start = .
 *(.ctors)
                0x00000054                __ctors_end = .
                0x00000054                __dtors_start = .
 *(.dtors)
                0x00000054                __dtors_end = .
 SORT(*)(.ctors)
 SORT(*)(.dtors)
 *(.init0)
 .init0         0x00000054        0x0 c:/winavr-20100110/bin/../lib/gcc/avr/4.3.3/../../../../avr/lib/avr5/crtm32.o
                0x00000054                __init
 *(.init0)
 *(.init1)
 *(.init1)
 *(.init2)
 .init2         0x00000054        0xc c:/winavr-20100110/bin/../lib/gcc/avr/4.3.3/../../../../avr/lib/avr5/crtm32.o
 *(.init2)
 *(.init3)
 *(.init3)
 *(.init4)
 .init4         0x00000060       0x16 c:/winavr-20100110/bin/../lib/gcc/avr/4.3.3/avr5\libgcc.a(_copy_data.o)
                0x00000060                __do_copy_data
 .init4         0x00000076       0x10 c:/winavr-20100110/bin/../lib/gcc/avr/4.3.3/avr5\libgcc.a(_clear_bss.o)
                0x00000076                __do_clear_bss
 *(.init4)
 *(.init5)
 *(.init5)
 *(.init6)
 *(.init6)
 *(.init7)
 *(.init7)
 *(.init8)
 *(.init8)
 *(.init9)
 .init9         0x00000086        0x8 c:/winavr-20100110/bin/../lib/gcc/avr/4.3.3/../../../../avr/lib/avr5/crtm32.o
 *(.init9)
 *(.text)
 .text          0x0000008e        0x4 c:/winavr-20100110/bin/../lib/gcc/avr/4.3.3/../../../../avr/lib/avr5/crtm32.o
                0x0000008e                __vector_12
                0x0000008e                __bad_interrupt
                0x0000008e                __vector_19
                0x0000008e                __vector_5
                0x0000008e                __vector_4
                0x0000008e                __vector_14
                0x0000008e                __vector_10
                0x0000008e                __vector_18
                0x0000008e                __vector_20
 .text          0x00000092        0x0 ./MCAL/int_EEPROM/eeprom.o
 .text          0x00000092        0x0 ./MCAL/USART/USART.o
 .text          0x00000092        0x0 ./MCAL/Timer1/Timer1.o
 .text          0x00000092        0x0 ./MCAL/Timer0/timer0.o
 .text          0x00000092        0x0 ./MCAL/SPI/spi.o
 .text          0x00000092        0x0 ./MCAL/EXIT_interrupts/EXIT_interrupts.o
 .text          0x00000092        0x0 ./MCAL/Dio/Dio.o
 .text          0x00000092        0x0 ./MCAL/Dio/Dio_Config.o
 .text          0x00000092        0x0 ./MCAL/ADC/adc.o
 .text          0x00000092        0x0 ./HAL/ultrasonic/ultrasonic.o
 .text          0x00000092        0x0 ./HAL/Seven_Segment/SevSegment.o
 .text          0x00000092        0x0 ./HAL/Servo_Motor/Servo.o
 .text          0x00000092        0x0 ./HAL/LCD/lcd.o
 .text          0x00000092        0x0 ./HAL/KEYPAD/KeyPad.o
 .text          0x00000092        0x0 ./HAL/IR_Sensor/IR_Sensor.o
 .text          0x00000092        0x0 ./HAL/DC_motor/DC_motor.o
 .text          0x00000092        0x0 ./main.o
 .text          0x00000092        0x0 c:/winavr-20100110/bin/../lib/gcc/avr/4.3.3/avr5\libgcc.a(_mulsi3.o)
 .text          0x00000092        0x0 c:/winavr-20100110/bin/../lib/gcc/avr/4.3.3/avr5\libgcc.a(_udivmodhi4.o)
 .text          0x00000092        0x0 c:/winavr-20100110/bin/../lib/gcc/avr/4.3.3/avr5\libgcc.a(_udivmodsi4.o)
 .text          0x00000092        0x0 c:/winavr-20100110/bin/../lib/gcc/avr/4.3.3/avr5\libgcc.a(_exit.o)
 .text          0x00000092        0x0 c:/winavr-20100110/bin/../lib/gcc/avr/4.3.3/avr5\libgcc.a(_copy_data.o)
 .text          0x00000092        0x0 c:/winavr-20100110/bin/../lib/gcc/avr/4.3.3/avr5\libgcc.a(_clear_bss.o)
 .text          0x00000092       0x58 c:/winavr-20100110/bin/../lib/gcc/avr/4.3.3/avr5\libgcc.a(_fixunssfsi.o)
                0x00000092                __fixunssfsi
 .text          0x000000ea      0x354 c:/winavr-20100110/bin/../lib/gcc/avr/4.3.3/avr5\libgcc.a(_addsub_sf.o)
                0x00000382                __subsf3
                0x000003e4                __addsf3
 .text          0x0000043e      0x1f4 c:/winavr-20100110/bin/../lib/gcc/avr/4.3.3/avr5\libgcc.a(_mul_sf.o)
                0x0000043e                __mulsf3
 .text          0x00000632      0x158 c:/winavr-20100110/bin/../lib/gcc/avr/4.3.3/avr5\libgcc.a(_div_sf.o)
                0x00000632                __divsf3
 .text          0x0000078a       0x60 c:/winavr-20100110/bin/../lib/gcc/avr/4.3.3/avr5\libgcc.a(_gt_sf.o)
                0x0000078a                __gtsf2
 .text          0x000007ea       0x60 c:/winavr-20100110/bin/../lib/gcc/avr/4.3.3/avr5\libgcc.a(_ge_sf.o)
                0x000007ea                __gesf2
 .text          0x0000084a       0x60 c:/winavr-20100110/bin/../lib/gcc/avr/4.3.3/avr5\libgcc.a(_lt_sf.o)
                0x0000084a                __ltsf2
 .text          0x000008aa       0xa8 c:/winavr-20100110/bin/../lib/gcc/avr/4.3.3/avr5\libgcc.a(_sf_to_si.o)
                0x000008aa                __fixsfsi
 .text          0x00000952        0x0 c:/winavr-20100110/bin/../lib/gcc/avr/4.3.3/avr5\libgcc.a(_thenan_sf.o)
 .text          0x00000952       0xf2 c:/winavr-20100110/bin/../lib/gcc/avr/4.3.3/avr5\libgcc.a(_usi_to_sf.o)
                0x00000952                __floatunsisf
 .text          0x00000a44        0x0 c:/winavr-20100110/bin/../lib/gcc/avr/4.3.3/avr5\libgcc.a(_prologue.o)
 .text          0x00000a44        0x0 c:/winavr-20100110/bin/../lib/gcc/avr/4.3.3/avr5\libgcc.a(_epilogue.o)
 .text          0x00000a44       0x9e c:/winavr-20100110/bin/../lib/gcc/avr/4.3.3/avr5\libgcc.a(_clzsi2.o)
                0x00000a44                __clzsi2
 .text          0x00000ae2      0x1aa c:/winavr-20100110/bin/../lib/gcc/avr/4.3.3/avr5\libgcc.a(_pack_sf.o)
                0x00000ae2                __pack_f
 .text          0x00000c8c       0xf0 c:/winavr-20100110/bin/../lib/gcc/avr/4.3.3/avr5\libgcc.a(_unpack_sf.o)
                0x00000c8c                __unpack_f
 .text          0x00000d7c       0xb2 c:/winavr-20100110/bin/../lib/gcc/avr/4.3.3/avr5\libgcc.a(_fpcmp_parts_sf.o)
                0x00000d7c                __fpcmp_parts_f
 .text          0x00000e2e        0x0 c:/winavr-20100110/bin/../lib/gcc/avr/4.3.3/avr5\libgcc.a(_clz.o)
                0x00000e2e                . = ALIGN (0x2)
 *(.text.*)
 .text.EEPROM_Read_Byte
                0x00000e2e       0x58 ./MCAL/int_EEPROM/eeprom.o
                0x00000e2e                EEPROM_Read_Byte
 .text.EEPROM_Write_Byte
                0x00000e86       0x76 ./MCAL/int_EEPROM/eeprom.o
                0x00000e86                EEPROM_Write_Byte
 .text.EEPROM_Interupt_Enable
                0x00000efc       0x1c ./MCAL/int_EEPROM/eeprom.o
                0x00000efc                EEPROM_Interupt_Enable
 .text.EEPROM_Interupt_Disable
                0x00000f18       0x1c ./MCAL/int_EEPROM/eeprom.o
                0x00000f18                EEPROM_Interupt_Disable
 .text.EEPROM_Set_CallBack
                0x00000f34       0x24 ./MCAL/int_EEPROM/eeprom.o
                0x00000f34                EEPROM_Set_CallBack
 .text.__vector_17
                0x00000f58       0x66 ./MCAL/int_EEPROM/eeprom.o
                0x00000f58                __vector_17
 .text.UART_Init
                0x00000fbe       0xaa ./MCAL/USART/USART.o
                0x00000fbe                UART_Init
 .text.UART_RX_InterruptEnable
                0x00001068       0x1c ./MCAL/USART/USART.o
                0x00001068                UART_RX_InterruptEnable
 .text.UART_RX_InterruptDisable
                0x00001084       0x1c ./MCAL/USART/USART.o
                0x00001084                UART_RX_InterruptDisable
 .text.UART_TX_InterruptEnable
                0x000010a0       0x1c ./MCAL/USART/USART.o
                0x000010a0                UART_TX_InterruptEnable
 .text.UART_TX_InterruptDisable
                0x000010bc       0x1c ./MCAL/USART/USART.o
                0x000010bc                UART_TX_InterruptDisable
 .text.UART_RX_SetCallBack
                0x000010d8       0x24 ./MCAL/USART/USART.o
                0x000010d8                UART_RX_SetCallBack
 .text.UART_TX_SetCallBack
                0x000010fc       0x24 ./MCAL/USART/USART.o
                0x000010fc                UART_TX_SetCallBack
 .text.__vector_13
                0x00001120       0x66 ./MCAL/USART/USART.o
                0x00001120                __vector_13
 .text.__vector_15
                0x00001186       0x66 ./MCAL/USART/USART.o
                0x00001186                __vector_15
 .text.UART_SendByteNoBlock
                0x000011ec       0x1c ./MCAL/USART/USART.o
                0x000011ec                UART_SendByteNoBlock
 .text.UART_ReceiveByteNoBlock
                0x00001208       0x14 ./MCAL/USART/USART.o
                0x00001208                UART_ReceiveByteNoBlock
 .text.UART_SendByte
                0x0000121c       0x34 ./MCAL/USART/USART.o
                0x0000121c                UART_SendByte
 .text.UART_ReceiveByte
                0x00001250       0x1e ./MCAL/USART/USART.o
                0x00001250                UART_ReceiveByte
 .text.UART_SendString
                0x0000126e       0x52 ./MCAL/USART/USART.o
                0x0000126e                UART_SendString
 .text.UART_Receive_NoBlock
                0x000012c0       0x3e ./MCAL/USART/USART.o
                0x000012c0                UART_Receive_NoBlock
 .text.Timer1_Init
                0x000012fe       0x9a ./MCAL/Timer1/Timer1.o
                0x000012fe                Timer1_Init
 .text.Timer1_Interrupt_Enable
                0x00001398       0x1c ./MCAL/Timer1/Timer1.o
                0x00001398                Timer1_Interrupt_Enable
 .text.Timer1_Interrupt_Disable
                0x000013b4       0x1c ./MCAL/Timer1/Timer1.o
                0x000013b4                Timer1_Interrupt_Disable
 .text.Timer1_SetCallBack
                0x000013d0       0x24 ./MCAL/Timer1/Timer1.o
                0x000013d0                Timer1_SetCallBack
 .text.TIMER1_SetOCR1A
                0x000013f4       0x24 ./MCAL/Timer1/Timer1.o
                0x000013f4                TIMER1_SetOCR1A
 .text.TIMER1_SetOCR1B
                0x00001418       0x24 ./MCAL/Timer1/Timer1.o
                0x00001418                TIMER1_SetOCR1B
 .text.TIMER1_SetICR1
                0x0000143c       0x24 ./MCAL/Timer1/Timer1.o
                0x0000143c                TIMER1_SetICR1
 .text.TIMER1_SetTCNT1
                0x00001460       0x24 ./MCAL/Timer1/Timer1.o
                0x00001460                TIMER1_SetTCNT1
 .text.PWM_FreQ_KHz
                0x00001484       0x52 ./MCAL/Timer1/Timer1.o
                0x00001484                PWM_FreQ_KHz
 .text.PWM_FreQ_Hz
                0x000014d6       0x60 ./MCAL/Timer1/Timer1.o
                0x000014d6                PWM_FreQ_Hz
 .text.PWM_SetDuty_Cycle_OCR1A
                0x00001536       0x88 ./MCAL/Timer1/Timer1.o
                0x00001536                PWM_SetDuty_Cycle_OCR1A
 .text.PWM_SetDuty_Cycle_OCR1B
                0x000015be       0x88 ./MCAL/Timer1/Timer1.o
                0x000015be                PWM_SetDuty_Cycle_OCR1B
 .text.TMR1_Interrupt_COMPA_enable
                0x00001646       0x1c ./MCAL/Timer1/Timer1.o
                0x00001646                TMR1_Interrupt_COMPA_enable
 .text.Timer1_SetCallBack_COMPA
                0x00001662       0x24 ./MCAL/Timer1/Timer1.o
                0x00001662                Timer1_SetCallBack_COMPA
 .text.TMR1_Interrupt_COMPA_Disable
                0x00001686       0x1c ./MCAL/Timer1/Timer1.o
                0x00001686                TMR1_Interrupt_COMPA_Disable
 .text.TMR1_Interrupt_CAPT_enable
                0x000016a2        0xe ./MCAL/Timer1/Timer1.o
                0x000016a2                TMR1_Interrupt_CAPT_enable
 .text.TMR1_Interrupt_COMPB_enable
                0x000016b0        0xe ./MCAL/Timer1/Timer1.o
                0x000016b0                TMR1_Interrupt_COMPB_enable
 .text.Timer1_SetCallBack_COMPB
                0x000016be       0x18 ./MCAL/Timer1/Timer1.o
                0x000016be                Timer1_SetCallBack_COMPB
 .text.Timer1_InputCpetureEdge
                0x000016d6       0x3e ./MCAL/Timer1/Timer1.o
                0x000016d6                Timer1_InputCpetureEdge
 .text.Timer1_ICU_InterruptEnable
                0x00001714       0x1c ./MCAL/Timer1/Timer1.o
                0x00001714                Timer1_ICU_InterruptEnable
 .text.Timer1_ICU_InterruptDisnable
                0x00001730       0x1c ./MCAL/Timer1/Timer1.o
                0x00001730                Timer1_ICU_InterruptDisnable
 .text.Timer1_ICU_SetCallBack
                0x0000174c       0x24 ./MCAL/Timer1/Timer1.o
                0x0000174c                Timer1_ICU_SetCallBack
 .text.PWM_measure
                0x00001770      0x124 ./MCAL/Timer1/Timer1.o
                0x00001770                PWM_measure
 .text.Func_ICU
                0x00001894       0x7c ./MCAL/Timer1/Timer1.o
 .text.__vector_9
                0x00001910       0x66 ./MCAL/Timer1/Timer1.o
                0x00001910                __vector_9
 .text.__vector_7
                0x00001976       0x66 ./MCAL/Timer1/Timer1.o
                0x00001976                __vector_7
 .text.__vector_8
                0x000019dc       0x66 ./MCAL/Timer1/Timer1.o
                0x000019dc                __vector_8
 .text.__vector_6
                0x00001a42       0x66 ./MCAL/Timer1/Timer1.o
                0x00001a42                __vector_6
 .text.Timer0_Init
                0x00001aa8      0x1e0 ./MCAL/Timer0/timer0.o
                0x00001aa8                Timer0_Init
 .text.Timer0_Set_OCR0
                0x00001c88       0x1c ./MCAL/Timer0/timer0.o
                0x00001c88                Timer0_Set_OCR0
 .text.Timer0_Interrupt_Enable
                0x00001ca4       0x1c ./MCAL/Timer0/timer0.o
                0x00001ca4                Timer0_Interrupt_Enable
 .text.Timer0_Interrupt_Disable
                0x00001cc0       0x1c ./MCAL/Timer0/timer0.o
                0x00001cc0                Timer0_Interrupt_Disable
 .text.Timer0_SetCallBack
                0x00001cdc       0x24 ./MCAL/Timer0/timer0.o
                0x00001cdc                Timer0_SetCallBack
 .text.__vector_11
                0x00001d00       0x66 ./MCAL/Timer0/timer0.o
                0x00001d00                __vector_11
 .text.SPI_SlaveInit
                0x00001d66       0x1e ./MCAL/SPI/spi.o
                0x00001d66                SPI_SlaveInit
 .text.SPI_SlaveReceive
                0x00001d84       0x1e ./MCAL/SPI/spi.o
                0x00001d84                SPI_SlaveReceive
 .text.SPI_MasterInit
                0x00001da2       0x1e ./MCAL/SPI/spi.o
                0x00001da2                SPI_MasterInit
 .text.SPI_MasterTransmit
                0x00001dc0       0x26 ./MCAL/SPI/spi.o
                0x00001dc0                SPI_MasterTransmit
 .text.EXIT_Interrupts_Init
                0x00001de6      0x22a ./MCAL/EXIT_interrupts/EXIT_interrupts.o
                0x00001de6                EXIT_Interrupts_Init
 .text.EXIT_Interrupts_Disable
                0x00002010       0x6e ./MCAL/EXIT_interrupts/EXIT_interrupts.o
                0x00002010                EXIT_Interrupts_Disable
 .text.EXIT_Set_CallBack
                0x0000207e       0x72 ./MCAL/EXIT_interrupts/EXIT_interrupts.o
                0x0000207e                EXIT_Set_CallBack
 .text.__vector_1
                0x000020f0       0x66 ./MCAL/EXIT_interrupts/EXIT_interrupts.o
                0x000020f0                __vector_1
 .text.__vector_2
                0x00002156       0x66 ./MCAL/EXIT_interrupts/EXIT_interrupts.o
                0x00002156                __vector_2
 .text.__vector_3
                0x000021bc       0x66 ./MCAL/EXIT_interrupts/EXIT_interrupts.o
                0x000021bc                __vector_3
 .text.Dio_init
                0x00002222      0x304 ./MCAL/Dio/Dio.o
                0x00002222                Dio_init
 .text.Dio_Write
                0x00002526      0x1c2 ./MCAL/Dio/Dio.o
                0x00002526                Dio_Write
 .text.Dio_Pin_Toggle
                0x000026e8       0xe0 ./MCAL/Dio/Dio.o
                0x000026e8                Dio_Pin_Toggle
 .text.Dio_Read
                0x000027c8       0xd6 ./MCAL/Dio/Dio.o
                0x000027c8                Dio_Read
 .text.ADC_Init
                0x0000289e       0x7e ./MCAL/ADC/adc.o
                0x0000289e                ADC_Init
 .text.ADC_Read
                0x0000291c       0x9c ./MCAL/ADC/adc.o
                0x0000291c                ADC_Read
 .text.ADC_Intrrupt_Enable
                0x000029b8       0x1c ./MCAL/ADC/adc.o
                0x000029b8                ADC_Intrrupt_Enable
 .text.ADC_Intrrupt_Disable
                0x000029d4       0x1c ./MCAL/ADC/adc.o
                0x000029d4                ADC_Intrrupt_Disable
 .text.ADC_SetCallBack
                0x000029f0       0x24 ./MCAL/ADC/adc.o
                0x000029f0                ADC_SetCallBack
 .text.__vector_16
                0x00002a14       0x66 ./MCAL/ADC/adc.o
                0x00002a14                __vector_16
 .text.Ultrasonic_init
                0x00002a7a       0x38 ./HAL/ultrasonic/ultrasonic.o
                0x00002a7a                Ultrasonic_init
 .text.UltrasonicReadDistance
                0x00002ab2      0x24c ./HAL/ultrasonic/ultrasonic.o
                0x00002ab2                UltrasonicReadDistance
 .text.Func_ICU
                0x00002cfe       0x7e ./HAL/ultrasonic/ultrasonic.o
 .text.TMR_OVR  0x00002d7c       0x20 ./HAL/ultrasonic/ultrasonic.o
 .text.SevSegment_Display_Number
                0x00002d9c       0x58 ./HAL/Seven_Segment/SevSegment.o
                0x00002d9c                SevSegment_Display_Number
 .text.SevSegment_Display_Counter
                0x00002df4      0x24c ./HAL/Seven_Segment/SevSegment.o
                0x00002df4                SevSegment_Display_Counter
 .text.Servo_angle
                0x00003040       0x58 ./HAL/Servo_Motor/Servo.o
                0x00003040                Servo_angle
 .text.LCD_Init
                0x00003098      0x134 ./HAL/LCD/lcd.o
                0x00003098                LCD_Init
 .text.LCD_Send_Command
                0x000031cc      0x142 ./HAL/LCD/lcd.o
                0x000031cc                LCD_Send_Command
 .text.LCD_Send_Char
                0x0000330e      0x142 ./HAL/LCD/lcd.o
                0x0000330e                LCD_Send_Char
 .text.LCD_Send_Char_Pos
                0x00003450       0x2c ./HAL/LCD/lcd.o
                0x00003450                LCD_Send_Char_Pos
 .text.LCD_Send_String
                0x0000347c       0x3a ./HAL/LCD/lcd.o
                0x0000347c                LCD_Send_String
 .text.LCD_Send_String_Pos
                0x000034b6       0x32 ./HAL/LCD/lcd.o
                0x000034b6                LCD_Send_String_Pos
 .text.LCD_Send_Number
                0x000034e8       0xec ./HAL/LCD/lcd.o
                0x000034e8                LCD_Send_Number
 .text.LCD_Send_Number_Pos
                0x000035d4       0x44 ./HAL/LCD/lcd.o
                0x000035d4                LCD_Send_Number_Pos
 .text.LCD_Send_Cust_char
                0x00003618       0x74 ./HAL/LCD/lcd.o
                0x00003618                LCD_Send_Cust_char
 .text.Trigger_Enable
                0x0000368c      0x32e ./HAL/LCD/lcd.o
 .text.Set_Cursor_Pos
                0x000039ba       0x56 ./HAL/LCD/lcd.o
 .text.KP_GetPressed
                0x00003a10       0xa8 ./HAL/KEYPAD/KeyPad.o
                0x00003a10                KP_GetPressed
 .text.IR_Sensor_Status
                0x00003ab8       0x3a ./HAL/IR_Sensor/IR_Sensor.o
                0x00003ab8                IR_Sensor_Status
 .text.Motor_Move_Right
                0x00003af2       0x30 ./HAL/DC_motor/DC_motor.o
                0x00003af2                Motor_Move_Right
 .text.Motor_Move_Left
                0x00003b22       0x30 ./HAL/DC_motor/DC_motor.o
                0x00003b22                Motor_Move_Left
 .text.Motor_Stop
                0x00003b52       0x30 ./HAL/DC_motor/DC_motor.o
                0x00003b52                Motor_Stop
 .text.main     0x00003b82       0x4e ./main.o
                0x00003b82                main
 .text.Robot_Move_Forward
                0x00003bd0       0x1e ./main.o
                0x00003bd0                Robot_Move_Forward
 .text.Robot_Move_Backward
                0x00003bee       0x1e ./main.o
                0x00003bee                Robot_Move_Backward
 .text.Robot_Move_Right
                0x00003c0c       0x1e ./main.o
                0x00003c0c                Robot_Move_Right
 .text.Robot_Move_Left
                0x00003c2a       0x1e ./main.o
                0x00003c2a                Robot_Move_Left
 .text.Robot_turn_Right90
                0x00003c48      0x112 ./main.o
                0x00003c48                Robot_turn_Right90
 .text.Robot_turn_Left90
                0x00003d5a      0x112 ./main.o
                0x00003d5a                Robot_turn_Left90
 .text.Robot_Reverse
                0x00003e6c      0x114 ./main.o
                0x00003e6c                Robot_Reverse
 .text.Robot_Move_Step
                0x00003f80      0x114 ./main.o
                0x00003f80                Robot_Move_Step
 .text.Robot_Stop
                0x00004094      0x11a ./main.o
                0x00004094                Robot_Stop
 .text.Robot_Speed
                0x000041ae       0x20 ./main.o
                0x000041ae                Robot_Speed
 .text.RC_Car   0x000041ce       0x5e ./main.o
                0x000041ce                RC_Car
 .text.Obstcale
                0x0000422c      0x70e ./main.o
                0x0000422c                Obstcale
 .text.libgcc   0x0000493a       0x3e c:/winavr-20100110/bin/../lib/gcc/avr/4.3.3/avr5\libgcc.a(_mulsi3.o)
                0x0000493a                __mulsi3
 .text.libgcc   0x00004978       0x28 c:/winavr-20100110/bin/../lib/gcc/avr/4.3.3/avr5\libgcc.a(_udivmodhi4.o)
                0x00004978                __udivmodhi4
 .text.libgcc   0x000049a0       0x44 c:/winavr-20100110/bin/../lib/gcc/avr/4.3.3/avr5\libgcc.a(_udivmodsi4.o)
                0x000049a0                __udivmodsi4
 .text.libgcc   0x000049e4        0x0 c:/winavr-20100110/bin/../lib/gcc/avr/4.3.3/avr5\libgcc.a(_exit.o)
 .text.libgcc   0x000049e4        0x0 c:/winavr-20100110/bin/../lib/gcc/avr/4.3.3/avr5\libgcc.a(_copy_data.o)
 .text.libgcc   0x000049e4        0x0 c:/winavr-20100110/bin/../lib/gcc/avr/4.3.3/avr5\libgcc.a(_clear_bss.o)
 .text.libgcc   0x000049e4       0x38 c:/winavr-20100110/bin/../lib/gcc/avr/4.3.3/avr5\libgcc.a(_prologue.o)
                0x000049e4                __prologue_saves__
 .text.libgcc   0x00004a1c       0x36 c:/winavr-20100110/bin/../lib/gcc/avr/4.3.3/avr5\libgcc.a(_epilogue.o)
                0x00004a1c                __epilogue_restores__
                0x00004a52                . = ALIGN (0x2)
 *(.fini9)
 .fini9         0x00004a52        0x0 c:/winavr-20100110/bin/../lib/gcc/avr/4.3.3/avr5\libgcc.a(_exit.o)
                0x00004a52                exit
                0x00004a52                _exit
 *(.fini9)
 *(.fini8)
 *(.fini8)
 *(.fini7)
 *(.fini7)
 *(.fini6)
 *(.fini6)
 *(.fini5)
 *(.fini5)
 *(.fini4)
 *(.fini4)
 *(.fini3)
 *(.fini3)
 *(.fini2)
 *(.fini2)
 *(.fini1)
 *(.fini1)
 *(.fini0)
 .fini0         0x00004a52        0x4 c:/winavr-20100110/bin/../lib/gcc/avr/4.3.3/avr5\libgcc.a(_exit.o)
 *(.fini0)
                0x00004a56                _etext = .

.data           0x00800060      0x1e4 load address 0x00004a56
                0x00800060                PROVIDE (__data_start, .)
 *(.data)
 .data          0x00800060        0x0 c:/winavr-20100110/bin/../lib/gcc/avr/4.3.3/../../../../avr/lib/avr5/crtm32.o
 .data          0x00800060        0x0 ./MCAL/int_EEPROM/eeprom.o
 .data          0x00800060        0x0 ./MCAL/USART/USART.o
 .data          0x00800060        0x0 ./MCAL/Timer1/Timer1.o
 .data          0x00800060        0x0 ./MCAL/Timer0/timer0.o
 .data          0x00800060        0x0 ./MCAL/SPI/spi.o
 .data          0x00800060        0x0 ./MCAL/EXIT_interrupts/EXIT_interrupts.o
 .data          0x00800060        0x0 ./MCAL/Dio/Dio.o
 .data          0x00800060        0x0 ./MCAL/Dio/Dio_Config.o
 .data          0x00800060        0x0 ./MCAL/ADC/adc.o
 .data          0x00800060        0x0 ./HAL/ultrasonic/ultrasonic.o
 .data          0x00800060        0x0 ./HAL/Seven_Segment/SevSegment.o
 .data          0x00800060        0x0 ./HAL/Servo_Motor/Servo.o
 .data          0x00800060        0x0 ./HAL/LCD/lcd.o
 .data          0x00800060        0x0 ./HAL/KEYPAD/KeyPad.o
 .data          0x00800060        0x0 ./HAL/IR_Sensor/IR_Sensor.o
 .data          0x00800060        0x0 ./HAL/DC_motor/DC_motor.o
 .data          0x00800060       0x43 ./main.o
 .data          0x008000a3        0x0 c:/winavr-20100110/bin/../lib/gcc/avr/4.3.3/avr5\libgcc.a(_mulsi3.o)
 .data          0x008000a3        0x0 c:/winavr-20100110/bin/../lib/gcc/avr/4.3.3/avr5\libgcc.a(_udivmodhi4.o)
 .data          0x008000a3        0x0 c:/winavr-20100110/bin/../lib/gcc/avr/4.3.3/avr5\libgcc.a(_udivmodsi4.o)
 .data          0x008000a3        0x0 c:/winavr-20100110/bin/../lib/gcc/avr/4.3.3/avr5\libgcc.a(_exit.o)
 .data          0x008000a3        0x0 c:/winavr-20100110/bin/../lib/gcc/avr/4.3.3/avr5\libgcc.a(_copy_data.o)
 .data          0x008000a3        0x0 c:/winavr-20100110/bin/../lib/gcc/avr/4.3.3/avr5\libgcc.a(_clear_bss.o)
 .data          0x008000a3        0x0 c:/winavr-20100110/bin/../lib/gcc/avr/4.3.3/avr5\libgcc.a(_fixunssfsi.o)
 .data          0x008000a3        0x0 c:/winavr-20100110/bin/../lib/gcc/avr/4.3.3/avr5\libgcc.a(_addsub_sf.o)
 .data          0x008000a3        0x0 c:/winavr-20100110/bin/../lib/gcc/avr/4.3.3/avr5\libgcc.a(_mul_sf.o)
 .data          0x008000a3        0x0 c:/winavr-20100110/bin/../lib/gcc/avr/4.3.3/avr5\libgcc.a(_div_sf.o)
 .data          0x008000a3        0x0 c:/winavr-20100110/bin/../lib/gcc/avr/4.3.3/avr5\libgcc.a(_gt_sf.o)
 .data          0x008000a3        0x0 c:/winavr-20100110/bin/../lib/gcc/avr/4.3.3/avr5\libgcc.a(_ge_sf.o)
 .data          0x008000a3        0x0 c:/winavr-20100110/bin/../lib/gcc/avr/4.3.3/avr5\libgcc.a(_lt_sf.o)
 .data          0x008000a3        0x0 c:/winavr-20100110/bin/../lib/gcc/avr/4.3.3/avr5\libgcc.a(_sf_to_si.o)
 .data          0x008000a3        0x8 c:/winavr-20100110/bin/../lib/gcc/avr/4.3.3/avr5\libgcc.a(_thenan_sf.o)
                0x008000a3                __thenan_sf
 .data          0x008000ab        0x0 c:/winavr-20100110/bin/../lib/gcc/avr/4.3.3/avr5\libgcc.a(_usi_to_sf.o)
 .data          0x008000ab        0x0 c:/winavr-20100110/bin/../lib/gcc/avr/4.3.3/avr5\libgcc.a(_prologue.o)
 .data          0x008000ab        0x0 c:/winavr-20100110/bin/../lib/gcc/avr/4.3.3/avr5\libgcc.a(_epilogue.o)
 .data          0x008000ab        0x0 c:/winavr-20100110/bin/../lib/gcc/avr/4.3.3/avr5\libgcc.a(_clzsi2.o)
 .data          0x008000ab        0x0 c:/winavr-20100110/bin/../lib/gcc/avr/4.3.3/avr5\libgcc.a(_pack_sf.o)
 .data          0x008000ab        0x0 c:/winavr-20100110/bin/../lib/gcc/avr/4.3.3/avr5\libgcc.a(_unpack_sf.o)
 .data          0x008000ab        0x0 c:/winavr-20100110/bin/../lib/gcc/avr/4.3.3/avr5\libgcc.a(_fpcmp_parts_sf.o)
 .data          0x008000ab      0x100 c:/winavr-20100110/bin/../lib/gcc/avr/4.3.3/avr5\libgcc.a(_clz.o)
                0x008000ab                __clz_tab
 *(.data*)
 .data.pin      0x008001ab       0x3c ./MCAL/Dio/Dio_Config.o
                0x008001ab                pin
 .data.motor1   0x008001e7        0x2 ./main.o
                0x008001e7                motor1
 .data.motor2   0x008001e9        0x2 ./main.o
                0x008001e9                motor2
 *(.rodata)
 *(.rodata*)
 .rodata.BaudRateArray
                0x008001eb       0x48 ./MCAL/USART/USART.o
                0x008001eb                BaudRateArray
 .rodata.KP_Maparr
                0x00800233       0x10 ./HAL/KEYPAD/KeyPad.o
 *(.gnu.linkonce.d*)
                0x00800244                . = ALIGN (0x2)
 *fill*         0x00800243        0x1 00
                0x00800244                _edata = .
                0x00800244                PROVIDE (__data_end, .)

.bss            0x00800244       0x2c
                0x00800244                PROVIDE (__bss_start, .)
 *(.bss)
 .bss           0x00800244        0x0 c:/winavr-20100110/bin/../lib/gcc/avr/4.3.3/../../../../avr/lib/avr5/crtm32.o
 .bss           0x00800244        0x0 ./MCAL/int_EEPROM/eeprom.o
 .bss           0x00800244        0x0 ./MCAL/USART/USART.o
 .bss           0x00800244        0x0 ./MCAL/Timer1/Timer1.o
 .bss           0x00800244        0x0 ./MCAL/Timer0/timer0.o
 .bss           0x00800244        0x0 ./MCAL/SPI/spi.o
 .bss           0x00800244        0x0 ./MCAL/EXIT_interrupts/EXIT_interrupts.o
 .bss           0x00800244        0x0 ./MCAL/Dio/Dio.o
 .bss           0x00800244        0x0 ./MCAL/Dio/Dio_Config.o
 .bss           0x00800244        0x0 ./MCAL/ADC/adc.o
 .bss           0x00800244        0x0 ./HAL/ultrasonic/ultrasonic.o
 .bss           0x00800244        0x0 ./HAL/Seven_Segment/SevSegment.o
 .bss           0x00800244        0x0 ./HAL/Servo_Motor/Servo.o
 .bss           0x00800244        0x0 ./HAL/LCD/lcd.o
 .bss           0x00800244        0x0 ./HAL/KEYPAD/KeyPad.o
 .bss           0x00800244        0x0 ./HAL/IR_Sensor/IR_Sensor.o
 .bss           0x00800244        0x0 ./HAL/DC_motor/DC_motor.o
 .bss           0x00800244        0x0 ./main.o
 .bss           0x00800244        0x0 c:/winavr-20100110/bin/../lib/gcc/avr/4.3.3/avr5\libgcc.a(_mulsi3.o)
 .bss           0x00800244        0x0 c:/winavr-20100110/bin/../lib/gcc/avr/4.3.3/avr5\libgcc.a(_udivmodhi4.o)
 .bss           0x00800244        0x0 c:/winavr-20100110/bin/../lib/gcc/avr/4.3.3/avr5\libgcc.a(_udivmodsi4.o)
 .bss           0x00800244        0x0 c:/winavr-20100110/bin/../lib/gcc/avr/4.3.3/avr5\libgcc.a(_exit.o)
 .bss           0x00800244        0x0 c:/winavr-20100110/bin/../lib/gcc/avr/4.3.3/avr5\libgcc.a(_copy_data.o)
 .bss           0x00800244        0x0 c:/winavr-20100110/bin/../lib/gcc/avr/4.3.3/avr5\libgcc.a(_clear_bss.o)
 .bss           0x00800244        0x0 c:/winavr-20100110/bin/../lib/gcc/avr/4.3.3/avr5\libgcc.a(_fixunssfsi.o)
 .bss           0x00800244        0x0 c:/winavr-20100110/bin/../lib/gcc/avr/4.3.3/avr5\libgcc.a(_addsub_sf.o)
 .bss           0x00800244        0x0 c:/winavr-20100110/bin/../lib/gcc/avr/4.3.3/avr5\libgcc.a(_mul_sf.o)
 .bss           0x00800244        0x0 c:/winavr-20100110/bin/../lib/gcc/avr/4.3.3/avr5\libgcc.a(_div_sf.o)
 .bss           0x00800244        0x0 c:/winavr-20100110/bin/../lib/gcc/avr/4.3.3/avr5\libgcc.a(_gt_sf.o)
 .bss           0x00800244        0x0 c:/winavr-20100110/bin/../lib/gcc/avr/4.3.3/avr5\libgcc.a(_ge_sf.o)
 .bss           0x00800244        0x0 c:/winavr-20100110/bin/../lib/gcc/avr/4.3.3/avr5\libgcc.a(_lt_sf.o)
 .bss           0x00800244        0x0 c:/winavr-20100110/bin/../lib/gcc/avr/4.3.3/avr5\libgcc.a(_sf_to_si.o)
 .bss           0x00800244        0x0 c:/winavr-20100110/bin/../lib/gcc/avr/4.3.3/avr5\libgcc.a(_thenan_sf.o)
 .bss           0x00800244        0x0 c:/winavr-20100110/bin/../lib/gcc/avr/4.3.3/avr5\libgcc.a(_usi_to_sf.o)
 .bss           0x00800244        0x0 c:/winavr-20100110/bin/../lib/gcc/avr/4.3.3/avr5\libgcc.a(_prologue.o)
 .bss           0x00800244        0x0 c:/winavr-20100110/bin/../lib/gcc/avr/4.3.3/avr5\libgcc.a(_epilogue.o)
 .bss           0x00800244        0x0 c:/winavr-20100110/bin/../lib/gcc/avr/4.3.3/avr5\libgcc.a(_clzsi2.o)
 .bss           0x00800244        0x0 c:/winavr-20100110/bin/../lib/gcc/avr/4.3.3/avr5\libgcc.a(_pack_sf.o)
 .bss           0x00800244        0x0 c:/winavr-20100110/bin/../lib/gcc/avr/4.3.3/avr5\libgcc.a(_unpack_sf.o)
 .bss           0x00800244        0x0 c:/winavr-20100110/bin/../lib/gcc/avr/4.3.3/avr5\libgcc.a(_fpcmp_parts_sf.o)
 .bss           0x00800244        0x0 c:/winavr-20100110/bin/../lib/gcc/avr/4.3.3/avr5\libgcc.a(_clz.o)
 *(.bss*)
 .bss.EEPROM_interrupt
                0x00800244        0x2 ./MCAL/int_EEPROM/eeprom.o
 .bss.UART_RX_Fptr
                0x00800246        0x2 ./MCAL/USART/USART.o
 .bss.UART_TX_Fptr
                0x00800248        0x2 ./MCAL/USART/USART.o
 .bss.flag      0x0080024a        0x1 ./MCAL/Timer1/Timer1.o
                0x0080024a                flag
 .bss.TMR1_InterriptOveFlow
                0x0080024b        0x2 ./MCAL/Timer1/Timer1.o
 .bss.TMR1_InterriptComA
                0x0080024d        0x2 ./MCAL/Timer1/Timer1.o
 .bss.TMR1_InterriptComB
                0x0080024f        0x2 ./MCAL/Timer1/Timer1.o
 .bss.TMR1_InterrupICU
                0x00800251        0x2 ./MCAL/Timer1/Timer1.o
 .bss.timer0_ptf
                0x00800253        0x2 ./MCAL/Timer0/timer0.o
 .bss.INT0_fptr
                0x00800255        0x2 ./MCAL/EXIT_interrupts/EXIT_interrupts.o
 .bss.INT1_fptr
                0x00800257        0x2 ./MCAL/EXIT_interrupts/EXIT_interrupts.o
 .bss.INT2_fptr
                0x00800259        0x2 ./MCAL/EXIT_interrupts/EXIT_interrupts.o
 .bss.ADC_InterruptHandler
                0x0080025b        0x2 ./MCAL/ADC/adc.o
 .bss.ut1       0x0080025d        0x2 ./HAL/ultrasonic/ultrasonic.o
 .bss.ut2       0x0080025f        0x2 ./HAL/ultrasonic/ultrasonic.o
 .bss.uflag     0x00800261        0x2 ./HAL/ultrasonic/ultrasonic.o
 .bss.c         0x00800263        0x2 ./HAL/ultrasonic/ultrasonic.o
 .bss.counter   0x00800265        0x1 ./HAL/Servo_Motor/Servo.o
                0x00800265                counter
 .bss.dis_right
                0x00800266        0x1 ./main.o
                0x00800266                dis_right
 .bss.dis_left  0x00800267        0x1 ./main.o
                0x00800267                dis_left
 *(COMMON)
 COMMON         0x00800268        0x6 ./MCAL/Timer1/Timer1.o
                0x00800268                t3
                0x0080026a                t2
                0x0080026c                t1
 COMMON         0x0080026e        0x2 ./main.o
                0x0080026e                dis
                0x0080026f                ultra
                0x00800270                PROVIDE (__bss_end, .)
                0x00004a56                __data_load_start = LOADADDR (.data)
                0x00004c3a                __data_load_end = (__data_load_start + SIZEOF (.data))

.noinit         0x00800270        0x0
                0x00800270                PROVIDE (__noinit_start, .)
 *(.noinit*)
                0x00800270                PROVIDE (__noinit_end, .)
                0x00800270                _end = .
                0x00800270                PROVIDE (__heap_start, .)

.eeprom         0x00810000        0x0
 *(.eeprom*)
                0x00810000                __eeprom_end = .

.fuse
 *(.fuse)
 *(.lfuse)
 *(.hfuse)
 *(.efuse)

.lock
 *(.lock*)

.signature
 *(.signature*)

.stab
 *(.stab)

.stabstr
 *(.stabstr)

.stab.excl
 *(.stab.excl)

.stab.exclstr
 *(.stab.exclstr)

.stab.index
 *(.stab.index)

.stab.indexstr
 *(.stab.indexstr)

.comment
 *(.comment)

.debug
 *(.debug)

.line
 *(.line)

.debug_srcinfo
 *(.debug_srcinfo)

.debug_sfnames
 *(.debug_sfnames)

.debug_aranges  0x00000000      0x698
 *(.debug_aranges)
 .debug_aranges
                0x00000000       0x48 ./MCAL/int_EEPROM/eeprom.o
 .debug_aranges
                0x00000048       0x90 ./MCAL/USART/USART.o
 .debug_aranges
                0x000000d8       0xf8 ./MCAL/Timer1/Timer1.o
 .debug_aranges
                0x000001d0       0x48 ./MCAL/Timer0/timer0.o
 .debug_aranges
                0x00000218       0x38 ./MCAL/SPI/spi.o
 .debug_aranges
                0x00000250       0x48 ./MCAL/EXIT_interrupts/EXIT_interrupts.o
 .debug_aranges
                0x00000298       0x38 ./MCAL/Dio/Dio.o
 .debug_aranges
                0x000002d0       0x48 ./MCAL/ADC/adc.o
 .debug_aranges
                0x00000318       0x38 ./HAL/ultrasonic/ultrasonic.o
 .debug_aranges
                0x00000350       0x28 ./HAL/Seven_Segment/SevSegment.o
 .debug_aranges
                0x00000378       0x20 ./HAL/Servo_Motor/Servo.o
 .debug_aranges
                0x00000398       0x70 ./HAL/LCD/lcd.o
 .debug_aranges
                0x00000408       0x20 ./HAL/KEYPAD/KeyPad.o
 .debug_aranges
                0x00000428       0x20 ./HAL/IR_Sensor/IR_Sensor.o
 .debug_aranges
                0x00000448       0x30 ./HAL/DC_motor/DC_motor.o
 .debug_aranges
                0x00000478       0x80 ./main.o
 .debug_aranges
                0x000004f8       0x20 c:/winavr-20100110/bin/../lib/gcc/avr/4.3.3/avr5\libgcc.a(_fixunssfsi.o)
 .debug_aranges
                0x00000518       0x20 c:/winavr-20100110/bin/../lib/gcc/avr/4.3.3/avr5\libgcc.a(_addsub_sf.o)
 .debug_aranges
                0x00000538       0x20 c:/winavr-20100110/bin/../lib/gcc/avr/4.3.3/avr5\libgcc.a(_mul_sf.o)
 .debug_aranges
                0x00000558       0x20 c:/winavr-20100110/bin/../lib/gcc/avr/4.3.3/avr5\libgcc.a(_div_sf.o)
 .debug_aranges
                0x00000578       0x20 c:/winavr-20100110/bin/../lib/gcc/avr/4.3.3/avr5\libgcc.a(_gt_sf.o)
 .debug_aranges
                0x00000598       0x20 c:/winavr-20100110/bin/../lib/gcc/avr/4.3.3/avr5\libgcc.a(_ge_sf.o)
 .debug_aranges
                0x000005b8       0x20 c:/winavr-20100110/bin/../lib/gcc/avr/4.3.3/avr5\libgcc.a(_lt_sf.o)
 .debug_aranges
                0x000005d8       0x20 c:/winavr-20100110/bin/../lib/gcc/avr/4.3.3/avr5\libgcc.a(_sf_to_si.o)
 .debug_aranges
                0x000005f8       0x20 c:/winavr-20100110/bin/../lib/gcc/avr/4.3.3/avr5\libgcc.a(_usi_to_sf.o)
 .debug_aranges
                0x00000618       0x20 c:/winavr-20100110/bin/../lib/gcc/avr/4.3.3/avr5\libgcc.a(_clzsi2.o)
 .debug_aranges
                0x00000638       0x20 c:/winavr-20100110/bin/../lib/gcc/avr/4.3.3/avr5\libgcc.a(_pack_sf.o)
 .debug_aranges
                0x00000658       0x20 c:/winavr-20100110/bin/../lib/gcc/avr/4.3.3/avr5\libgcc.a(_unpack_sf.o)
 .debug_aranges
                0x00000678       0x20 c:/winavr-20100110/bin/../lib/gcc/avr/4.3.3/avr5\libgcc.a(_fpcmp_parts_sf.o)

.debug_pubnames
                0x00000000      0xc89
 *(.debug_pubnames)
 .debug_pubnames
                0x00000000       0x9c ./MCAL/int_EEPROM/eeprom.o
 .debug_pubnames
                0x0000009c      0x17d ./MCAL/USART/USART.o
 .debug_pubnames
                0x00000219      0x2b5 ./MCAL/Timer1/Timer1.o
 .debug_pubnames
                0x000004ce       0x96 ./MCAL/Timer0/timer0.o
 .debug_pubnames
                0x00000564       0x63 ./MCAL/SPI/spi.o
 .debug_pubnames
                0x000005c7       0x8a ./MCAL/EXIT_interrupts/EXIT_interrupts.o
 .debug_pubnames
                0x00000651       0x4d ./MCAL/Dio/Dio.o
 .debug_pubnames
                0x0000069e       0x1a ./MCAL/Dio/Dio_Config.o
 .debug_pubnames
                0x000006b8       0x81 ./MCAL/ADC/adc.o
 .debug_pubnames
                0x00000739       0x41 ./HAL/ultrasonic/ultrasonic.o
 .debug_pubnames
                0x0000077a       0x4f ./HAL/Seven_Segment/SevSegment.o
 .debug_pubnames
                0x000007c9       0x2e ./HAL/Servo_Motor/Servo.o
 .debug_pubnames
                0x000007f7       0xcb ./HAL/LCD/lcd.o
 .debug_pubnames
                0x000008c2       0x24 ./HAL/KEYPAD/KeyPad.o
 .debug_pubnames
                0x000008e6       0x27 ./HAL/IR_Sensor/IR_Sensor.o
 .debug_pubnames
                0x0000090d       0x4a ./HAL/DC_motor/DC_motor.o
 .debug_pubnames
                0x00000957      0x140 ./main.o
 .debug_pubnames
                0x00000a97       0x23 c:/winavr-20100110/bin/../lib/gcc/avr/4.3.3/avr5\libgcc.a(_fixunssfsi.o)
 .debug_pubnames
                0x00000aba       0x2c c:/winavr-20100110/bin/../lib/gcc/avr/4.3.3/avr5\libgcc.a(_addsub_sf.o)
 .debug_pubnames
                0x00000ae6       0x1f c:/winavr-20100110/bin/../lib/gcc/avr/4.3.3/avr5\libgcc.a(_mul_sf.o)
 .debug_pubnames
                0x00000b05       0x1f c:/winavr-20100110/bin/../lib/gcc/avr/4.3.3/avr5\libgcc.a(_div_sf.o)
 .debug_pubnames
                0x00000b24       0x1e c:/winavr-20100110/bin/../lib/gcc/avr/4.3.3/avr5\libgcc.a(_gt_sf.o)
 .debug_pubnames
                0x00000b42       0x1e c:/winavr-20100110/bin/../lib/gcc/avr/4.3.3/avr5\libgcc.a(_ge_sf.o)
 .debug_pubnames
                0x00000b60       0x1e c:/winavr-20100110/bin/../lib/gcc/avr/4.3.3/avr5\libgcc.a(_lt_sf.o)
 .debug_pubnames
                0x00000b7e       0x20 c:/winavr-20100110/bin/../lib/gcc/avr/4.3.3/avr5\libgcc.a(_sf_to_si.o)
 .debug_pubnames
                0x00000b9e       0x22 c:/winavr-20100110/bin/../lib/gcc/avr/4.3.3/avr5\libgcc.a(_thenan_sf.o)
 .debug_pubnames
                0x00000bc0       0x24 c:/winavr-20100110/bin/../lib/gcc/avr/4.3.3/avr5\libgcc.a(_usi_to_sf.o)
 .debug_pubnames
                0x00000be4       0x1f c:/winavr-20100110/bin/../lib/gcc/avr/4.3.3/avr5\libgcc.a(_clzsi2.o)
 .debug_pubnames
                0x00000c03       0x1f c:/winavr-20100110/bin/../lib/gcc/avr/4.3.3/avr5\libgcc.a(_pack_sf.o)
 .debug_pubnames
                0x00000c22       0x21 c:/winavr-20100110/bin/../lib/gcc/avr/4.3.3/avr5\libgcc.a(_unpack_sf.o)
 .debug_pubnames
                0x00000c43       0x26 c:/winavr-20100110/bin/../lib/gcc/avr/4.3.3/avr5\libgcc.a(_fpcmp_parts_sf.o)
 .debug_pubnames
                0x00000c69       0x20 c:/winavr-20100110/bin/../lib/gcc/avr/4.3.3/avr5\libgcc.a(_clz.o)

.debug_info     0x00000000     0x5245
 *(.debug_info)
 .debug_info    0x00000000      0x167 ./MCAL/int_EEPROM/eeprom.o
 .debug_info    0x00000167      0x2d3 ./MCAL/USART/USART.o
 .debug_info    0x0000043a      0x56f ./MCAL/Timer1/Timer1.o
 .debug_info    0x000009a9      0x151 ./MCAL/Timer0/timer0.o
 .debug_info    0x00000afa       0xcc ./MCAL/SPI/spi.o
 .debug_info    0x00000bc6      0x1d1 ./MCAL/EXIT_interrupts/EXIT_interrupts.o
 .debug_info    0x00000d97      0x369 ./MCAL/Dio/Dio.o
 .debug_info    0x00001100      0x119 ./MCAL/Dio/Dio_Config.o
 .debug_info    0x00001219      0x18b ./MCAL/ADC/adc.o
 .debug_info    0x000013a4      0x451 ./HAL/ultrasonic/ultrasonic.o
 .debug_info    0x000017f5      0x2c5 ./HAL/Seven_Segment/SevSegment.o
 .debug_info    0x00001aba       0xb9 ./HAL/Servo_Motor/Servo.o
 .debug_info    0x00001b73      0x5d5 ./HAL/LCD/lcd.o
 .debug_info    0x00002148      0x1f5 ./HAL/KEYPAD/KeyPad.o
 .debug_info    0x0000233d      0x1d2 ./HAL/IR_Sensor/IR_Sensor.o
 .debug_info    0x0000250f      0x200 ./HAL/DC_motor/DC_motor.o
 .debug_info    0x0000270f      0x72b ./main.o
 .debug_info    0x00002e3a       0xb1 c:/winavr-20100110/bin/../lib/gcc/avr/4.3.3/avr5\libgcc.a(_fixunssfsi.o)
 .debug_info    0x00002eeb      0x47a c:/winavr-20100110/bin/../lib/gcc/avr/4.3.3/avr5\libgcc.a(_addsub_sf.o)
 .debug_info    0x00003365      0x485 c:/winavr-20100110/bin/../lib/gcc/avr/4.3.3/avr5\libgcc.a(_mul_sf.o)
 .debug_info    0x000037ea      0x3fc c:/winavr-20100110/bin/../lib/gcc/avr/4.3.3/avr5\libgcc.a(_div_sf.o)
 .debug_info    0x00003be6      0x27f c:/winavr-20100110/bin/../lib/gcc/avr/4.3.3/avr5\libgcc.a(_gt_sf.o)
 .debug_info    0x00003e65      0x27f c:/winavr-20100110/bin/../lib/gcc/avr/4.3.3/avr5\libgcc.a(_ge_sf.o)
 .debug_info    0x000040e4      0x27f c:/winavr-20100110/bin/../lib/gcc/avr/4.3.3/avr5\libgcc.a(_lt_sf.o)
 .debug_info    0x00004363      0x2b0 c:/winavr-20100110/bin/../lib/gcc/avr/4.3.3/avr5\libgcc.a(_sf_to_si.o)
 .debug_info    0x00004613      0x12c c:/winavr-20100110/bin/../lib/gcc/avr/4.3.3/avr5\libgcc.a(_thenan_sf.o)
 .debug_info    0x0000473f      0x206 c:/winavr-20100110/bin/../lib/gcc/avr/4.3.3/avr5\libgcc.a(_usi_to_sf.o)
 .debug_info    0x00004945      0x117 c:/winavr-20100110/bin/../lib/gcc/avr/4.3.3/avr5\libgcc.a(_clzsi2.o)
 .debug_info    0x00004a5c      0x2df c:/winavr-20100110/bin/../lib/gcc/avr/4.3.3/avr5\libgcc.a(_pack_sf.o)
 .debug_info    0x00004d3b      0x251 c:/winavr-20100110/bin/../lib/gcc/avr/4.3.3/avr5\libgcc.a(_unpack_sf.o)
 .debug_info    0x00004f8c      0x210 c:/winavr-20100110/bin/../lib/gcc/avr/4.3.3/avr5\libgcc.a(_fpcmp_parts_sf.o)
 .debug_info    0x0000519c       0xa9 c:/winavr-20100110/bin/../lib/gcc/avr/4.3.3/avr5\libgcc.a(_clz.o)
 *(.gnu.linkonce.wi.*)

.debug_abbrev   0x00000000     0x2229
 *(.debug_abbrev)
 .debug_abbrev  0x00000000       0x93 ./MCAL/int_EEPROM/eeprom.o
 .debug_abbrev  0x00000093      0x105 ./MCAL/USART/USART.o
 .debug_abbrev  0x00000198      0x105 ./MCAL/Timer1/Timer1.o
 .debug_abbrev  0x0000029d       0xa6 ./MCAL/Timer0/timer0.o
 .debug_abbrev  0x00000343       0x7c ./MCAL/SPI/spi.o
 .debug_abbrev  0x000003bf       0xa9 ./MCAL/EXIT_interrupts/EXIT_interrupts.o
 .debug_abbrev  0x00000468      0x130 ./MCAL/Dio/Dio.o
 .debug_abbrev  0x00000598       0x8e ./MCAL/Dio/Dio_Config.o
 .debug_abbrev  0x00000626       0xe4 ./MCAL/ADC/adc.o
 .debug_abbrev  0x0000070a      0x15a ./HAL/ultrasonic/ultrasonic.o
 .debug_abbrev  0x00000864       0xff ./HAL/Seven_Segment/SevSegment.o
 .debug_abbrev  0x00000963       0x77 ./HAL/Servo_Motor/Servo.o
 .debug_abbrev  0x000009da      0x168 ./HAL/LCD/lcd.o
 .debug_abbrev  0x00000b42       0xaf ./HAL/KEYPAD/KeyPad.o
 .debug_abbrev  0x00000bf1       0x8d ./HAL/IR_Sensor/IR_Sensor.o
 .debug_abbrev  0x00000c7e       0xb8 ./HAL/DC_motor/DC_motor.o
 .debug_abbrev  0x00000d36      0x16d ./main.o
 .debug_abbrev  0x00000ea3       0x5d c:/winavr-20100110/bin/../lib/gcc/avr/4.3.3/avr5\libgcc.a(_fixunssfsi.o)
 .debug_abbrev  0x00000f00      0x1ea c:/winavr-20100110/bin/../lib/gcc/avr/4.3.3/avr5\libgcc.a(_addsub_sf.o)
 .debug_abbrev  0x000010ea      0x21b c:/winavr-20100110/bin/../lib/gcc/avr/4.3.3/avr5\libgcc.a(_mul_sf.o)
 .debug_abbrev  0x00001305      0x216 c:/winavr-20100110/bin/../lib/gcc/avr/4.3.3/avr5\libgcc.a(_div_sf.o)
 .debug_abbrev  0x0000151b      0x15a c:/winavr-20100110/bin/../lib/gcc/avr/4.3.3/avr5\libgcc.a(_gt_sf.o)
 .debug_abbrev  0x00001675      0x15a c:/winavr-20100110/bin/../lib/gcc/avr/4.3.3/avr5\libgcc.a(_ge_sf.o)
 .debug_abbrev  0x000017cf      0x15a c:/winavr-20100110/bin/../lib/gcc/avr/4.3.3/avr5\libgcc.a(_lt_sf.o)
 .debug_abbrev  0x00001929      0x17f c:/winavr-20100110/bin/../lib/gcc/avr/4.3.3/avr5\libgcc.a(_sf_to_si.o)
 .debug_abbrev  0x00001aa8       0xad c:/winavr-20100110/bin/../lib/gcc/avr/4.3.3/avr5\libgcc.a(_thenan_sf.o)
 .debug_abbrev  0x00001b55      0x157 c:/winavr-20100110/bin/../lib/gcc/avr/4.3.3/avr5\libgcc.a(_usi_to_sf.o)
 .debug_abbrev  0x00001cac       0xc4 c:/winavr-20100110/bin/../lib/gcc/avr/4.3.3/avr5\libgcc.a(_clzsi2.o)
 .debug_abbrev  0x00001d70      0x1c0 c:/winavr-20100110/bin/../lib/gcc/avr/4.3.3/avr5\libgcc.a(_pack_sf.o)
 .debug_abbrev  0x00001f30      0x154 c:/winavr-20100110/bin/../lib/gcc/avr/4.3.3/avr5\libgcc.a(_unpack_sf.o)
 .debug_abbrev  0x00002084      0x13b c:/winavr-20100110/bin/../lib/gcc/avr/4.3.3/avr5\libgcc.a(_fpcmp_parts_sf.o)
 .debug_abbrev  0x000021bf       0x6a c:/winavr-20100110/bin/../lib/gcc/avr/4.3.3/avr5\libgcc.a(_clz.o)

.debug_line     0x00000000     0x4163
 *(.debug_line)
 .debug_line    0x00000000      0x1a7 ./MCAL/int_EEPROM/eeprom.o
 .debug_line    0x000001a7      0x35e ./MCAL/USART/USART.o
 .debug_line    0x00000505      0x59f ./MCAL/Timer1/Timer1.o
 .debug_line    0x00000aa4      0x20f ./MCAL/Timer0/timer0.o
 .debug_line    0x00000cb3       0xfb ./MCAL/SPI/spi.o
 .debug_line    0x00000dae      0x254 ./MCAL/EXIT_interrupts/EXIT_interrupts.o
 .debug_line    0x00001002      0x2fb ./MCAL/Dio/Dio.o
 .debug_line    0x000012fd       0x79 ./MCAL/Dio/Dio_Config.o
 .debug_line    0x00001376      0x1d9 ./MCAL/ADC/adc.o
 .debug_line    0x0000154f      0x3ce ./HAL/ultrasonic/ultrasonic.o
 .debug_line    0x0000191d      0x2ea ./HAL/Seven_Segment/SevSegment.o
 .debug_line    0x00001c07      0x100 ./HAL/Servo_Motor/Servo.o
 .debug_line    0x00001d07      0x5ee ./HAL/LCD/lcd.o
 .debug_line    0x000022f5      0x17c ./HAL/KEYPAD/KeyPad.o
 .debug_line    0x00002471       0xfd ./HAL/IR_Sensor/IR_Sensor.o
 .debug_line    0x0000256e      0x125 ./HAL/DC_motor/DC_motor.o
 .debug_line    0x00002693      0x8fa ./main.o
 .debug_line    0x00002f8d       0xa7 c:/winavr-20100110/bin/../lib/gcc/avr/4.3.3/avr5\libgcc.a(_fixunssfsi.o)
 .debug_line    0x00003034      0x2af c:/winavr-20100110/bin/../lib/gcc/avr/4.3.3/avr5\libgcc.a(_addsub_sf.o)
 .debug_line    0x000032e3      0x239 c:/winavr-20100110/bin/../lib/gcc/avr/4.3.3/avr5\libgcc.a(_mul_sf.o)
 .debug_line    0x0000351c      0x1d5 c:/winavr-20100110/bin/../lib/gcc/avr/4.3.3/avr5\libgcc.a(_div_sf.o)
 .debug_line    0x000036f1       0xd3 c:/winavr-20100110/bin/../lib/gcc/avr/4.3.3/avr5\libgcc.a(_gt_sf.o)
 .debug_line    0x000037c4       0xd3 c:/winavr-20100110/bin/../lib/gcc/avr/4.3.3/avr5\libgcc.a(_ge_sf.o)
 .debug_line    0x00003897       0xd3 c:/winavr-20100110/bin/../lib/gcc/avr/4.3.3/avr5\libgcc.a(_lt_sf.o)
 .debug_line    0x0000396a      0x109 c:/winavr-20100110/bin/../lib/gcc/avr/4.3.3/avr5\libgcc.a(_sf_to_si.o)
 .debug_line    0x00003a73       0x90 c:/winavr-20100110/bin/../lib/gcc/avr/4.3.3/avr5\libgcc.a(_thenan_sf.o)
 .debug_line    0x00003b03      0x133 c:/winavr-20100110/bin/../lib/gcc/avr/4.3.3/avr5\libgcc.a(_usi_to_sf.o)
 .debug_line    0x00003c36       0xa5 c:/winavr-20100110/bin/../lib/gcc/avr/4.3.3/avr5\libgcc.a(_clzsi2.o)
 .debug_line    0x00003cdb      0x18a c:/winavr-20100110/bin/../lib/gcc/avr/4.3.3/avr5\libgcc.a(_pack_sf.o)
 .debug_line    0x00003e65      0x14b c:/winavr-20100110/bin/../lib/gcc/avr/4.3.3/avr5\libgcc.a(_unpack_sf.o)
 .debug_line    0x00003fb0      0x137 c:/winavr-20100110/bin/../lib/gcc/avr/4.3.3/avr5\libgcc.a(_fpcmp_parts_sf.o)
 .debug_line    0x000040e7       0x7c c:/winavr-20100110/bin/../lib/gcc/avr/4.3.3/avr5\libgcc.a(_clz.o)

.debug_frame    0x00000000      0x9b0
 *(.debug_frame)
 .debug_frame   0x00000000       0x70 ./MCAL/int_EEPROM/eeprom.o
 .debug_frame   0x00000070      0x100 ./MCAL/USART/USART.o
 .debug_frame   0x00000170      0x1d0 ./MCAL/Timer1/Timer1.o
 .debug_frame   0x00000340       0x70 ./MCAL/Timer0/timer0.o
 .debug_frame   0x000003b0       0x50 ./MCAL/SPI/spi.o
 .debug_frame   0x00000400       0x70 ./MCAL/EXIT_interrupts/EXIT_interrupts.o
 .debug_frame   0x00000470       0x50 ./MCAL/Dio/Dio.o
 .debug_frame   0x000004c0       0x70 ./MCAL/ADC/adc.o
 .debug_frame   0x00000530       0x50 ./HAL/ultrasonic/ultrasonic.o
 .debug_frame   0x00000580       0x30 ./HAL/Seven_Segment/SevSegment.o
 .debug_frame   0x000005b0       0x20 ./HAL/Servo_Motor/Servo.o
 .debug_frame   0x000005d0       0xc0 ./HAL/LCD/lcd.o
 .debug_frame   0x00000690       0x20 ./HAL/KEYPAD/KeyPad.o
 .debug_frame   0x000006b0       0x20 ./HAL/IR_Sensor/IR_Sensor.o
 .debug_frame   0x000006d0       0x40 ./HAL/DC_motor/DC_motor.o
 .debug_frame   0x00000710       0xe0 ./main.o
 .debug_frame   0x000007f0       0x20 c:/winavr-20100110/bin/../lib/gcc/avr/4.3.3/avr5\libgcc.a(_fixunssfsi.o)
 .debug_frame   0x00000810       0x40 c:/winavr-20100110/bin/../lib/gcc/avr/4.3.3/avr5\libgcc.a(_addsub_sf.o)
 .debug_frame   0x00000850       0x20 c:/winavr-20100110/bin/../lib/gcc/avr/4.3.3/avr5\libgcc.a(_mul_sf.o)
 .debug_frame   0x00000870       0x20 c:/winavr-20100110/bin/../lib/gcc/avr/4.3.3/avr5\libgcc.a(_div_sf.o)
 .debug_frame   0x00000890       0x20 c:/winavr-20100110/bin/../lib/gcc/avr/4.3.3/avr5\libgcc.a(_gt_sf.o)
 .debug_frame   0x000008b0       0x20 c:/winavr-20100110/bin/../lib/gcc/avr/4.3.3/avr5\libgcc.a(_ge_sf.o)
 .debug_frame   0x000008d0       0x20 c:/winavr-20100110/bin/../lib/gcc/avr/4.3.3/avr5\libgcc.a(_lt_sf.o)
 .debug_frame   0x000008f0       0x20 c:/winavr-20100110/bin/../lib/gcc/avr/4.3.3/avr5\libgcc.a(_sf_to_si.o)
 .debug_frame   0x00000910       0x20 c:/winavr-20100110/bin/../lib/gcc/avr/4.3.3/avr5\libgcc.a(_usi_to_sf.o)
 .debug_frame   0x00000930       0x20 c:/winavr-20100110/bin/../lib/gcc/avr/4.3.3/avr5\libgcc.a(_clzsi2.o)
 .debug_frame   0x00000950       0x20 c:/winavr-20100110/bin/../lib/gcc/avr/4.3.3/avr5\libgcc.a(_pack_sf.o)
 .debug_frame   0x00000970       0x20 c:/winavr-20100110/bin/../lib/gcc/avr/4.3.3/avr5\libgcc.a(_unpack_sf.o)
 .debug_frame   0x00000990       0x20 c:/winavr-20100110/bin/../lib/gcc/avr/4.3.3/avr5\libgcc.a(_fpcmp_parts_sf.o)

.debug_str      0x00000000     0x14a0
 *(.debug_str)
 .debug_str     0x00000000      0x12c ./MCAL/int_EEPROM/eeprom.o
                                0x160 (size before relaxing)
 .debug_str     0x0000012c      0x18c ./MCAL/USART/USART.o
                                0x23f (size before relaxing)
 .debug_str     0x000002b8      0x3ae ./MCAL/Timer1/Timer1.o
                                0x469 (size before relaxing)
 .debug_str     0x00000666       0xa2 ./MCAL/Timer0/timer0.o
                                0x155 (size before relaxing)
 .debug_str     0x00000708       0x59 ./MCAL/SPI/spi.o
                                 0xe3 (size before relaxing)
 .debug_str     0x00000761      0x155 ./MCAL/EXIT_interrupts/EXIT_interrupts.o
                                0x201 (size before relaxing)
 .debug_str     0x000008b6      0x1f4 ./MCAL/Dio/Dio.o
                                0x2a4 (size before relaxing)
 .debug_str     0x00000aaa       0x19 ./MCAL/Dio/Dio_Config.o
                                 0xcd (size before relaxing)
 .debug_str     0x00000ac3       0xde ./MCAL/ADC/adc.o
                                0x18c (size before relaxing)
 .debug_str     0x00000ba1      0x282 ./HAL/ultrasonic/ultrasonic.o
                                0x4ea (size before relaxing)
 .debug_str     0x00000e23       0x73 ./HAL/Seven_Segment/SevSegment.o
                                0x26d (size before relaxing)
 .debug_str     0x00000e96       0x27 ./HAL/Servo_Motor/Servo.o
                                 0xdd (size before relaxing)
 .debug_str     0x00000ebd       0xee ./HAL/LCD/lcd.o
                                0x310 (size before relaxing)
 .debug_str     0x00000fab       0x48 ./HAL/KEYPAD/KeyPad.o
                                0x211 (size before relaxing)
 .debug_str     0x00000ff3       0x60 ./HAL/IR_Sensor/IR_Sensor.o
                                0x222 (size before relaxing)
 .debug_str     0x00001053       0x60 ./HAL/DC_motor/DC_motor.o
                                0x211 (size before relaxing)
 .debug_str     0x000010b3      0x146 ./main.o
                                0x362 (size before relaxing)
 .debug_str     0x000011f9       0x80 c:/winavr-20100110/bin/../lib/gcc/avr/4.3.3/avr5\libgcc.a(_fixunssfsi.o)
                                 0xfe (size before relaxing)
 .debug_str     0x00001279      0x13d c:/winavr-20100110/bin/../lib/gcc/avr/4.3.3/avr5\libgcc.a(_addsub_sf.o)
                                0x206 (size before relaxing)
 .debug_str     0x000013b6       0x27 c:/winavr-20100110/bin/../lib/gcc/avr/4.3.3/avr5\libgcc.a(_mul_sf.o)
                                0x1bf (size before relaxing)
 .debug_str     0x000013dd       0x35 c:/winavr-20100110/bin/../lib/gcc/avr/4.3.3/avr5\libgcc.a(_div_sf.o)
                                0x1c8 (size before relaxing)
 .debug_str     0x00001412        0x8 c:/winavr-20100110/bin/../lib/gcc/avr/4.3.3/avr5\libgcc.a(_gt_sf.o)
                                0x195 (size before relaxing)
 .debug_str     0x0000141a        0x8 c:/winavr-20100110/bin/../lib/gcc/avr/4.3.3/avr5\libgcc.a(_ge_sf.o)
                                0x195 (size before relaxing)
 .debug_str     0x00001422        0x8 c:/winavr-20100110/bin/../lib/gcc/avr/4.3.3/avr5\libgcc.a(_lt_sf.o)
                                0x195 (size before relaxing)
 .debug_str     0x0000142a        0xa c:/winavr-20100110/bin/../lib/gcc/avr/4.3.3/avr5\libgcc.a(_sf_to_si.o)
                                0x19e (size before relaxing)
 .debug_str     0x00000000      0x103 c:/winavr-20100110/bin/../lib/gcc/avr/4.3.3/avr5\libgcc.a(_thenan_sf.o)
 .debug_str     0x00001434       0x21 c:/winavr-20100110/bin/../lib/gcc/avr/4.3.3/avr5\libgcc.a(_usi_to_sf.o)
                                0x177 (size before relaxing)
 .debug_str     0x00001455       0x20 c:/winavr-20100110/bin/../lib/gcc/avr/4.3.3/avr5\libgcc.a(_clzsi2.o)
                                0x111 (size before relaxing)
 .debug_str     0x00001475       0x10 c:/winavr-20100110/bin/../lib/gcc/avr/4.3.3/avr5\libgcc.a(_pack_sf.o)
                                0x19d (size before relaxing)
 .debug_str     0x00001485        0xb c:/winavr-20100110/bin/../lib/gcc/avr/4.3.3/avr5\libgcc.a(_unpack_sf.o)
                                0x17f (size before relaxing)
 .debug_str     0x00001490       0x10 c:/winavr-20100110/bin/../lib/gcc/avr/4.3.3/avr5\libgcc.a(_fpcmp_parts_sf.o)
                                0x163 (size before relaxing)
 .debug_str     0x00000000       0xf4 c:/winavr-20100110/bin/../lib/gcc/avr/4.3.3/avr5\libgcc.a(_clz.o)

.debug_loc      0x00000000      0x96e
 *(.debug_loc)
 .debug_loc     0x00000000       0x34 c:/winavr-20100110/bin/../lib/gcc/avr/4.3.3/avr5\libgcc.a(_fixunssfsi.o)
 .debug_loc     0x00000034      0x32a c:/winavr-20100110/bin/../lib/gcc/avr/4.3.3/avr5\libgcc.a(_addsub_sf.o)
 .debug_loc     0x0000035e      0x104 c:/winavr-20100110/bin/../lib/gcc/avr/4.3.3/avr5\libgcc.a(_mul_sf.o)
 .debug_loc     0x00000462       0xc0 c:/winavr-20100110/bin/../lib/gcc/avr/4.3.3/avr5\libgcc.a(_div_sf.o)
 .debug_loc     0x00000522       0x3c c:/winavr-20100110/bin/../lib/gcc/avr/4.3.3/avr5\libgcc.a(_gt_sf.o)
 .debug_loc     0x0000055e       0x3c c:/winavr-20100110/bin/../lib/gcc/avr/4.3.3/avr5\libgcc.a(_ge_sf.o)
 .debug_loc     0x0000059a       0x3c c:/winavr-20100110/bin/../lib/gcc/avr/4.3.3/avr5\libgcc.a(_lt_sf.o)
 .debug_loc     0x000005d6       0x7e c:/winavr-20100110/bin/../lib/gcc/avr/4.3.3/avr5\libgcc.a(_sf_to_si.o)
 .debug_loc     0x00000654       0x4c c:/winavr-20100110/bin/../lib/gcc/avr/4.3.3/avr5\libgcc.a(_usi_to_sf.o)
 .debug_loc     0x000006a0       0x94 c:/winavr-20100110/bin/../lib/gcc/avr/4.3.3/avr5\libgcc.a(_clzsi2.o)
 .debug_loc     0x00000734      0x13e c:/winavr-20100110/bin/../lib/gcc/avr/4.3.3/avr5\libgcc.a(_pack_sf.o)
 .debug_loc     0x00000872       0xac c:/winavr-20100110/bin/../lib/gcc/avr/4.3.3/avr5\libgcc.a(_unpack_sf.o)
 .debug_loc     0x0000091e       0x50 c:/winavr-20100110/bin/../lib/gcc/avr/4.3.3/avr5\libgcc.a(_fpcmp_parts_sf.o)

.debug_macinfo
 *(.debug_macinfo)
OUTPUT(app.elf elf32-avr)
LOAD linker stubs

.debug_ranges   0x00000000      0x4c8
 .debug_ranges  0x00000000       0x40 ./MCAL/int_EEPROM/eeprom.o
 .debug_ranges  0x00000040       0x88 ./MCAL/USART/USART.o
 .debug_ranges  0x000000c8       0xf0 ./MCAL/Timer1/Timer1.o
 .debug_ranges  0x000001b8       0x40 ./MCAL/Timer0/timer0.o
 .debug_ranges  0x000001f8       0x30 ./MCAL/SPI/spi.o
 .debug_ranges  0x00000228       0x40 ./MCAL/EXIT_interrupts/EXIT_interrupts.o
 .debug_ranges  0x00000268       0x30 ./MCAL/Dio/Dio.o
 .debug_ranges  0x00000298       0x40 ./MCAL/ADC/adc.o
 .debug_ranges  0x000002d8       0x30 ./HAL/ultrasonic/ultrasonic.o
 .debug_ranges  0x00000308       0x20 ./HAL/Seven_Segment/SevSegment.o
 .debug_ranges  0x00000328       0x18 ./HAL/Servo_Motor/Servo.o
 .debug_ranges  0x00000340       0x68 ./HAL/LCD/lcd.o
 .debug_ranges  0x000003a8       0x18 ./HAL/KEYPAD/KeyPad.o
 .debug_ranges  0x000003c0       0x18 ./HAL/IR_Sensor/IR_Sensor.o
 .debug_ranges  0x000003d8       0x28 ./HAL/DC_motor/DC_motor.o
 .debug_ranges  0x00000400       0x78 ./main.o
 .debug_ranges  0x00000478       0x50 c:/winavr-20100110/bin/../lib/gcc/avr/4.3.3/avr5\libgcc.a(_mul_sf.o)
